Component: ARM Compiler 5.06 update 1 (build 61) Tool: armlink [4d35a8]

==============================================================================

Section Cross References

    crc8.o(.text) refers to crc8.o(.constdata) for CRC8Table
    crc16.o(.text) refers to crc16.o(.constdata) for CRC16Table
    crc32.o(.text) refers to crc32.o(.data) for tab_gen_flag
    crc32.o(.text) refers to crc32.o(.bss) for CRC32Table
    fifo.o(.text) refers to malloc.o(i.malloc) for malloc
    fifo.o(.text) refers to malloc.o(i.free) for free
    mafilter.o(.text) refers to malloc.o(i.malloc) for malloc
    mafilter.o(.text) refers to malloc.o(i.free) for free
    mafilter_f32.o(.text) refers to malloc.o(i.malloc) for malloc
    mafilter_f32.o(.text) refers to malloc.o(i.free) for free
    mafilter_i16.o(.text) refers to malloc.o(i.malloc) for malloc
    mafilter_i16.o(.text) refers to malloc.o(i.free) for free
    mafilter_i32.o(.text) refers to malloc.o(i.malloc) for malloc
    mafilter_i32.o(.text) refers to malloc.o(i.free) for free
    sprotocol.o(.text) refers to memcpya.o(.text) for __aeabi_memcpy
    sprotocol.o(.text) refers to crc16.o(.text) for CRC16Append
    can1task.o(.text) refers to can1.o(.bss) for can1RxMsg
    can1task.o(.text) refers to can1task.o(.data) for ZGyroAngle
    can2task.o(.text) refers to encoder.o(.text) for Encoder_Process
    can2task.o(.text) refers to can2.o(.bss) for can2RxMsg
    can2task.o(.text) refers to can2task.o(.bss) for CM1Encoder
    inputtask.o(.text) refers to inputtask.o(.data) for inputMode
    inputtask.o(.text) refers to usart1.o(.bss) for dbus
    inputtask.o(.text) refers to inputtask.o(.bss) for keyboard
    inputtask.o(.text) refers to mafilter_f32.o(.text) for MAFilterF32_Create
    controltask.o(.text) refers to encoder.o(.text) for Encoder_IsOk
    controltask.o(.text) refers to mecanum.o(.text) for Mecanum_Synthesis
    controltask.o(.text) refers to pid.o(.text) for PID_Reset
    controltask.o(.text) refers to ramp.o(.text) for Ramp_ResetCounter
    controltask.o(.text) refers to motor.o(.text) for SetCMCurrent
    controltask.o(.text) refers to controltask.o(.data) for workingState
    controltask.o(.text) refers to inputtask.o(.data) for inputMode
    controltask.o(.text) refers to can2task.o(.bss) for CM1Encoder
    controltask.o(.text) refers to controltask.o(.bss) for mecanumPosition
    controltask.o(.text) refers to inputtask.o(.bss) for chassisPosition
    controltask.o(.data) refers to pid.o(.text) for PID_Calc
    controltask.o(.data) refers to ramp.o(.text) for Ramp_Init
    odomtask.o(.text) refers to mecanum.o(.text) for Mecanum_Synthesis
    odomtask.o(.text) refers to crc16.o(.text) for CRC16Append
    odomtask.o(.text) refers to usart3.o(.text) for USART3_PrintBlock
    odomtask.o(.text) refers to can2task.o(.bss) for CM1Encoder
    odomtask.o(.text) refers to odomtask.o(.bss) for odom
    bsp.o(.text) refers to misc.o(.text) for NVIC_PriorityGroupConfig
    bsp.o(.text) refers to pwm.o(.text) for PWM_Config
    bsp.o(.text) refers to led.o(.text) for Led_Config
    bsp.o(.text) refers to timer.o(.text) for TIM2_Config
    bsp.o(.text) refers to can1.o(.text) for CAN1_Config
    bsp.o(.text) refers to can2.o(.text) for CAN2_Config
    bsp.o(.text) refers to usart1.o(.text) for USART1_Config
    bsp.o(.text) refers to usart3.o(.text) for USART3_Config
    bsp.o(.text) refers to stm32f4xx_gpio.o(.text) for GPIO_ResetBits
    can1.o(.text) refers to stm32f4xx_rcc.o(.text) for RCC_AHB1PeriphClockCmd
    can1.o(.text) refers to stm32f4xx_gpio.o(.text) for GPIO_PinAFConfig
    can1.o(.text) refers to misc.o(.text) for NVIC_Init
    can1.o(.text) refers to stm32f4xx_can.o(.text) for CAN_DeInit
    can1.o(.text) refers to can1task.o(.text) for Can1Task
    can1.o(.text) refers to can1.o(.bss) for can1RxMsg
    can2.o(.text) refers to stm32f4xx_rcc.o(.text) for RCC_AHB1PeriphClockCmd
    can2.o(.text) refers to stm32f4xx_gpio.o(.text) for GPIO_PinAFConfig
    can2.o(.text) refers to misc.o(.text) for NVIC_Init
    can2.o(.text) refers to stm32f4xx_can.o(.text) for CAN_DeInit
    can2.o(.text) refers to can2task.o(.text) for Can2Task
    can2.o(.text) refers to can2.o(.bss) for can2RxMsg
    encoder.o(.text) refers to memseta.o(.text) for __aeabi_memclr
    led.o(.text) refers to stm32f4xx_rcc.o(.text) for RCC_AHB1PeriphClockCmd
    led.o(.text) refers to stm32f4xx_gpio.o(.text) for GPIO_Init
    motor.o(.text) refers to stm32f4xx_can.o(.text) for CAN_Transmit
    pwm.o(.text) refers to stm32f4xx_rcc.o(.text) for RCC_AHB1PeriphClockCmd
    pwm.o(.text) refers to stm32f4xx_gpio.o(.text) for GPIO_Init
    pwm.o(.text) refers to stm32f4xx_tim.o(.text) for TIM_TimeBaseInit
    quadencoder.o(.text) refers to stm32f4xx_rcc.o(.text) for RCC_AHB1PeriphClockCmd
    quadencoder.o(.text) refers to stm32f4xx_gpio.o(.text) for GPIO_Init
    quadencoder.o(.text) refers to stm32f4xx_tim.o(.text) for TIM_EncoderInterfaceConfig
[...]
    .text                                    0x08006860   Section       36  startup_stm32f4xx.o(.text)
    $v0                                      0x08006860   Number         0  startup_stm32f4xx.o(.text)
    .text                                    0x08006884   Section        0  main.o(.text)
    .text                                    0x080069a0   Section        0  memseta.o(.text)
    .text                                    0x080069c4   Section        0  dmul.o(.text)
    .text                                    0x08006aa8   Section        0  ddiv.o(.text)
    .text                                    0x08006b86   Section        0  dflti.o(.text)
    .text                                    0x08006ba8   Section        0  f2d.o(.text)
    .text                                    0x08006bd0   Section       48  cdrcmple.o(.text)
    .text                                    0x08006c00   Section        0  d2f.o(.text)
    .text                                    0x08006c38   Section        0  uidiv.o(.text)
    .text                                    0x08006c64   Section        0  uldiv.o(.text)
    .text                                    0x08006cc6   Section        0  fepilogue.o(.text)
    .text                                    0x08006cc6   Section        0  iusefp.o(.text)
    .text                                    0x08006d34   Section        0  depilogue.o(.text)
    .text                                    0x08006dee   Section        0  dadd.o(.text)
    .text                                    0x08006f3c   Section        0  dsqrt.o(.text)
    .text                                    0x08006fde   Section        0  dfixul.o(.text)
    .text                                    0x08007010   Section       36  init.o(.text)
    .text                                    0x08007034   Section        0  llshl.o(.text)
    .text                                    0x08007052   Section        0  llushr.o(.text)
    .text                                    0x08007072   Section        0  llsshr.o(.text)
    .text                                    0x08007096   Section        0  __dczerorl2.o(.text)
    i.__0printf                              0x080070ec   Section        0  printfa.o(i.__0printf)
    i.__ARM_fpclassify                       0x0800710c   Section        0  fpclassify.o(i.__ARM_fpclassify)
    i.__hardfp_asin                          0x08007140   Section        0  asin.o(i.__hardfp_asin)
    i.__hardfp_atan                          0x080074a0   Section        0  atan.o(i.__hardfp_atan)
    i.__hardfp_atan2                         0x08007778   Section        0  atan2.o(i.__hardfp_atan2)
    i.__hardfp_fabs                          0x08007968   Section        0  fabs.o(i.__hardfp_fabs)
    i.__hardfp_sqrt                          0x0800797c   Section        0  sqrt.o(i.__hardfp_sqrt)
    i.__kernel_poly                          0x080079f6   Section        0  poly.o(i.__kernel_poly)
    i.__mathlib_dbl_infnan                   0x08007aee   Section        0  dunder.o(i.__mathlib_dbl_infnan)
    i.__mathlib_dbl_infnan2                  0x08007b02   Section        0  dunder.o(i.__mathlib_dbl_infnan2)
    i.__mathlib_dbl_invalid                  0x08007b18   Section        0  dunder.o(i.__mathlib_dbl_invalid)
    i.__mathlib_dbl_underflow                0x08007b38   Section        0  dunder.o(i.__mathlib_dbl_underflow)
    i.__scatterload_copy                     0x08007b58   Section       14  handlers.o(i.__scatterload_copy)
    i.__scatterload_null                     0x08007b66   Section        2  handlers.o(i.__scatterload_null)
    i.__scatterload_zeroinit                 0x08007b68   Section       14  handlers.o(i.__scatterload_zeroinit)
    i.__set_errno                            0x08007b78   Section        0  errno.o(i.__set_errno)
    i._fp_digits                             0x08007b84   Section        0  printfa.o(i._fp_digits)
    _fp_digits                               0x08007b85   Thumb Code   334  printfa.o(i._fp_digits)
    i._printf_core                           0x08007ce8   Section        0  printfa.o(i._printf_core)
    _printf_core                             0x08007ce9   Thumb Code  1744  printfa.o(i._printf_core)
    i._printf_post_padding                   0x080083c4   Section        0  printfa.o(i._printf_post_padding)
    _printf_post_padding                     0x080083c5   Thumb Code    36  printfa.o(i._printf_post_padding)
    i._printf_pre_padding                    0x080083e8   Section        0  printfa.o(i._printf_pre_padding)
    _printf_pre_padding                      0x080083e9   Thumb Code    46  printfa.o(i._printf_pre_padding)
    i.atan                                   0x08008416   Section        0  atan.o(i.atan)
    i.fabs                                   0x08008426   Section        0  fabs.o(i.fabs)
    i.free                                   0x08008440   Section        0  malloc.o(i.free)
    i.malloc                                 0x08008490   Section        0  malloc.o(i.malloc)
    i.sqrt                                   0x080084fc   Section        0  sqrt.o(i.sqrt)
    .constdata                               0x08008570   Section       80  asin.o(.constdata)
    pS                                       0x08008570   Data          48  asin.o(.constdata)
    qS                                       0x080085a0   Data          32  asin.o(.constdata)
    .constdata                               0x080085c0   Section      152  atan.o(.constdata)
    atanhi                                   0x080085c0   Data          32  atan.o(.constdata)
    atanlo                                   0x080085e0   Data          32  atan.o(.constdata)
    aTodd                                    0x08008600   Data          40  atan.o(.constdata)
    aTeven                                   0x08008628   Data          48  atan.o(.constdata)
    .constdata                               0x08008658   Section        8  qnan.o(.constdata)
    .data                                    0x20000000   Section        4  can1task.o(.data)
    .data                                    0x20000004   Section       48  inputtask.o(.data)
    .data                                    0x20000034   Section      916  controltask.o(.data)
    ms_tick                                  0x200003c4   Data           4  controltask.o(.data)
    .data                                    0x200003c8   Section        8  usart1.o(.data)
    this_time_rx_len                         0x200003cc   Data           4  usart1.o(.data)
    .data                                    0x200003d0   Section        4  usart3.o(.data)
    .data                                    0x200003d4   Section      112  imu.o(.data)
    gx                                       0x200003f0   Data           4  imu.o(.data)
    gy                                       0x200003f4   Data           4  imu.o(.data)
    gz                                       0x200003f8   Data           4  imu.o(.data)
    ax                                       0x200003fc   Data           4  imu.o(.data)
    ay                                       0x20000400   Data           4  imu.o(.data)
    az                                       0x20000404   Data           4  imu.o(.data)
    mx                                       0x20000408   Data           4  imu.o(.data)
    my                                       0x2000040c   Data           4  imu.o(.data)
    mz                                       0x20000410   Data           4  imu.o(.data)
    yaw_count                                0x20000440   Data           4  imu.o(.data)
    .data                                    0x20000444   Section       12  mpu6050_driver.o(.data)
    .data                                    0x20000450   Section        1  mpu6050_interrupt.o(.data)
    .data                                    0x20000451   Section       16  stm32f4xx_rcc.o(.data)
    APBAHBPrescTable                         0x20000451   Data          16  stm32f4xx_rcc.o(.data)
    .data                                    0x20000464   Section       20  system_stm32f4xx.o(.data)
    .data                                    0x20000478   Section        4  stdout.o(.data)
    .data                                    0x2000047c   Section        4  mvars.o(.data)
    .data                                    0x20000480   Section        4  mvars.o(.data)
    .data                                    0x20000484   Section        4  errno.o(.data)
    _errno                                   0x20000484   Data           4  errno.o(.data)
    .bss                                     0x20000488   Section      552  can2task.o(.bss)
    .bss                                     0x200006b0   Section       60  inputtask.o(.bss)
    .bss                                     0x200006ec   Section       84  controltask.o(.bss)
    .bss                                     0x20000740   Section       20  can1.o(.bss)
    .bss                                     0x20000754   Section       20  can2.o(.bss)
    .bss                                     0x20000768   Section       94  usart1.o(.bss)
    .bss                                     0x200007c8   Section       64  imu.o(.bss)
    q                                        0x200007ec   Data          16  imu.o(.bss)
    .bss                                     0x20000808   Section      206  mpu6050_driver.o(.bss)
    HEAP                                     0x200008d8   Section      512  startup_stm32f4xx.o(HEAP)
    STACK                                    0x20000ad8   Section     2560  startup_stm32f4xx.o(STACK)

    Global Symbols

    Symbol Name                              Value     Ov Type        Size  Object(Section)

    BuildAttributes$$THM_ISAv4$E$P$D$K$B$S$7EM$VFPi3$EXTD16$VFPS$VFMA$PE$A:L22UL41UL21$X:L11$S22US41US21$IEEE1$IW$USESV6$~STKCKD$USESV7$~SHL$OTIME$ROPI$IEEEX$EBA8$MICROLIB$REQ8$PRES8$EABIv2 0x00000000   Number         0  anon$$obj.o ABSOLUTE
    __ARM_use_no_argv                        0x00000000   Number         0  main.o ABSOLUTE
    _printf_a                                0x00000000   Number         0  stubs.o ABSOLUTE
    _printf_c                                0x00000000   Number         0  stubs.o ABSOLUTE
    _printf_charcount                        0x00000000   Number         0  stubs.o ABSOLUTE
    _printf_d                                0x00000000   Number         0  stubs.o ABSOLUTE
    _printf_e                                0x00000000   Number         0  stubs.o ABSOLUTE
    _printf_f                                0x00000000   Number         0  stubs.o ABSOLUTE
    _printf_flags                            0x00000000   Number         0  stubs.o ABSOLUTE
    _printf_fp_dec                           0x00000000   Number         0  stubs.o ABSOLUTE
    _printf_fp_hex                           0x00000000   Number         0  stubs.o ABSOLUTE
    _printf_g                                0x00000000   Number         0  stubs.o ABSOLUTE
    _printf_i                                0x00000000   Number         0  stubs.o ABSOLUTE
    _printf_int_dec                          0x00000000   Number         0  stubs.o ABSOLUTE
    _printf_l                                0x00000000   Number         0  stubs.o ABSOLUTE
    _printf_lc                               0x00000000   Number         0  stubs.o ABSOLUTE
    _printf_ll                               0x00000000   Number         0  stubs.o ABSOLUTE
    _printf_lld                              0x00000000   Number         0  stubs.o ABSOLUTE
    _printf_lli                              0x00000000   Number         0  stubs.o ABSOLUTE
    _printf_llo                              0x00000000   Number         0  stubs.o ABSOLUTE
    _printf_llu                              0x00000000   Number         0  stubs.o ABSOLUTE
    _printf_llx                              0x00000000   Number         0  stubs.o ABSOLUTE
    _printf_longlong_dec                     0x00000000   Number         0  stubs.o ABSOLUTE
    _printf_longlong_hex                     0x00000000   Number         0  stubs.o ABSOLUTE
    _printf_longlong_oct                     0x00000000   Number         0  stubs.o ABSOLUTE
    _printf_ls                               0x00000000   Number         0  stubs.o ABSOLUTE
    _printf_mbtowc                           0x00000000   Number         0  stubs.o ABSOLUTE
    _printf_n                                0x00000000   Number         0  stubs.o ABSOLUTE
    _printf_o                                0x00000000   Number         0  stubs.o ABSOLUTE
    _printf_p                                0x00000000   Number         0  stubs.o ABSOLUTE
    _printf_percent                          0x00000000   Number         0  stubs.o ABSOLUTE
    _printf_pre_padding                      0x00000000   Number         0  stubs.o ABSOLUTE
    _printf_return_value                     0x00000000   Number         0  stubs.o ABSOLUTE
    _printf_s                                0x00000000   Number         0  stubs.o ABSOLUTE
    _printf_sizespec                         0x00000000   Number         0  stubs.o ABSOLUTE
    _printf_str                              0x00000000   Number         0  stubs.o ABSOLUTE
    _printf_truncate_signed                  0x00000000   Number         0  stubs.o ABSOLUTE
    _printf_truncate_unsigned                0x00000000   Number         0  stubs.o ABSOLUTE
    _printf_u                                0x00000000   Number         0  stubs.o ABSOLUTE
    _printf_wc                               0x00000000   Number         0  stubs.o ABSOLUTE
    _printf_wctomb                           0x00000000   Number         0  stubs.o ABSOLUTE
    _printf_widthprec                        0x00000000   Number         0  stubs.o ABSOLUTE
    _printf_x                                0x00000000   Number         0  stubs.o ABSOLUTE
    __cpp_initialize__aeabi_                  - Undefined Weak Reference
    __cxa_finalize                            - Undefined Weak Reference
    _clock_init                               - Undefined Weak Reference
    _microlib_exit                            - Undefined Weak Reference
    __Vectors_Size                           0x00000188   Number         0  startup_stm32f4xx.o ABSOLUTE
    __Vectors                                0x08000000   Data           4  startup_stm32f4xx.o(RESET)
    __Vectors_End                            0x08000188   Data           0  startup_stm32f4xx.o(RESET)
    __main                                   0x08000189   Thumb Code     0  entry.o(.ARM.Collect$$$$00000000)
    _main_stk                                0x08000189   Thumb Code     0  entry2.o(.ARM.Collect$$$$00000001)
    _main_scatterload                        0x0800018d   Thumb Code     0  entry5.o(.ARM.Collect$$$$00000004)
    __main_after_scatterload                 0x08000191   Thumb Code     0  entry5.o(.ARM.Collect$$$$00000004)
    _main_clock                              0x08000191   Thumb Code     0  entry7b.o(.ARM.Collect$$$$00000008)
    _main_cpp_init                           0x08000191   Thumb Code     0  entry8b.o(.ARM.Collect$$$$0000000A)
    _main_init                               0x08000191   Thumb Code     0  entry9a.o(.ARM.Collect$$$$0000000B)
    __rt_final_cpp                           0x08000199   Thumb Code     0  entry10a.o(.ARM.Collect$$$$0000000D)
    __rt_final_exit                          0x08000199   Thumb Code     0  entry11a.o(.ARM.Collect$$$$0000000F)
    FIFO_Create                              0x0800019d   Thumb Code    54  fifo.o(.text)
    FIFO_Init                                0x080001d3   Thumb Code    12  fifo.o(.text)
    FIFO_Flush                               0x080001df   Thumb Code     8  fifo.o(.text)
    FIFO_Push                                0x080001e7   Thumb Code    72  fifo.o(.text)
    FIFO_PushBlock                           0x0800022f   Thumb Code    38  fifo.o(.text)
    FIFO_IsEmpty                             0x08000255   Thumb Code    18  fifo.o(.text)
    FIFO_Pop                                 0x08000267   Thumb Code    34  fifo.o(.text)
    FIFO_GetUsedSpace                        0x08000289   Thumb Code    10  fifo.o(.text)
    FIFO_PopBlock                            0x08000293   Thumb Code    46  fifo.o(.text)
    FIFO_Preread                             0x080002c1   Thumb Code    28  fifo.o(.text)
    FIFO_PrereadBlock                        0x080002dd   Thumb Code    66  fifo.o(.text)
    FIFO_IsFull                              0x0800031f   Thumb Code    22  fifo.o(.text)
    FIFO_GetFreeSpace                        0x08000335   Thumb Code    14  fifo.o(.text)
    FIFO_Destroy                             0x08000343   Thumb Code    14  fifo.o(.text)
    MAFilterF32_Init                         0x08000351   Thumb Code    34  mafilter_f32.o(.text)
    MAFilterF32_Create                       0x08000373   Thumb Code   110  mafilter_f32.o(.text)
    MAFilterF32_Calc                         0x080003e1   Thumb Code    94  mafilter_f32.o(.text)
    MAFilterF32_Reset                        0x0800043f   Thumb Code    58  mafilter_f32.o(.text)
    PID_Reset                                0x0800047d   Thumb Code    50  pid.o(.text)
    PID_Calc                                 0x080004af   Thumb Code   390  pid.o(.text)
    Ramp_Init                                0x08000639   Thumb Code     4  ramp.o(.text)
    Ramp_Calc                                0x0800063d   Thumb Code    60  ramp.o(.text)
    Ramp_SetCounter                          0x08000679   Thumb Code     4  ramp.o(.text)
    Ramp_ResetCounter                        0x0800067d   Thumb Code    14  ramp.o(.text)
    Ramp_SetScale                            0x0800068b   Thumb Code     4  ramp.o(.text)
    Ramp_IsOverflow                          0x0800068f   Thumb Code    38  ramp.o(.text)
    Ramp_GetDir                              0x080006b5   Thumb Code     6  ramp.o(.text)
    Ramp_SetDir                              0x080006bb   Thumb Code     4  ramp.o(.text)
    Mecanum_Synthesis                        0x080006c1   Thumb Code   158  mecanum.o(.text)
    Mecanum_Decompose                        0x0800075f   Thumb Code   154  mecanum.o(.text)
    Can1Task                                 0x08000801   Thumb Code    68  can1task.o(.text)
    Can2Task                                 0x08000851   Thumb Code   102  can2task.o(.text)
    GetInputMode                             0x080008d5   Thumb Code    62  inputtask.o(.text)
    GetCtrlMode                              0x08000913   Thumb Code    62  inputtask.o(.text)
    GetSwitchState                           0x08000951   Thumb Code    18  inputtask.o(.text)
    GetKeyAction                             0x08000963   Thumb Code    18  inputtask.o(.text)
    GetSwitchPanel                           0x08000975   Thumb Code    26  inputtask.o(.text)
    GetKeyboard                              0x0800098f   Thumb Code   130  inputtask.o(.text)
    GetStickCtrlChassisPosition              0x08000a11   Thumb Code   142  inputtask.o(.text)
    GetStickCtrlChassisSpeed                 0x08000a9f   Thumb Code   142  inputtask.o(.text)
    GetStickCtrlChassisCurrent               0x08000b2d   Thumb Code   142  inputtask.o(.text)
    GetStickCtrlGimbalsPosition              0x08000bbb   Thumb Code    96  inputtask.o(.text)
    GetStickCtrlGimbalsSpeed                 0x08000c1b   Thumb Code    96  inputtask.o(.text)
    GetStickCtrlGimbalsCurrent               0x08000c7b   Thumb Code   170  inputtask.o(.text)
    GetKeyboardCtrlChassisPosition           0x08000d25   Thumb Code   290  inputtask.o(.text)
    GetKeyboardCtrlChassisSpeed              0x08000e47   Thumb Code   290  inputtask.o(.text)
    GetKeyboardCtrlChassisCurrent            0x08000f69   Thumb Code   290  inputtask.o(.text)
    GetMouseCtrlGimbalsPosition              0x0800108b   Thumb Code   100  inputtask.o(.text)
    GetMouseCtrlGimbalsSpeed                 0x080010ef   Thumb Code   170  inputtask.o(.text)
    GetMouseCtrlGimbalsCurrent               0x08001199   Thumb Code   100  inputtask.o(.text)
    InputTask                                0x080011fd   Thumb Code   144  inputtask.o(.text)
    WorkingStateSM                           0x080012a5   Thumb Code   152  controltask.o(.text)
    ChassisPositionControl                   0x0800133d   Thumb Code   142  controltask.o(.text)
    ChassisSpeedControl                      0x080013cb   Thumb Code   134  controltask.o(.text)
    ChassisCurrentControl                    0x08001451   Thumb Code   150  controltask.o(.text)
    GimbalsPositionControl                   0x080014e7   Thumb Code    82  controltask.o(.text)
    GimbalsSpeedControl                      0x08001539   Thumb Code    82  controltask.o(.text)
    GimbalsCurrentControl                    0x0800158b   Thumb Code    72  controltask.o(.text)
    PID_ResetAll                             0x080015d3   Thumb Code    64  controltask.o(.text)
    Encoder_ResetAll                         0x08001613   Thumb Code    40  controltask.o(.text)
    Ramp_ResetAll                            0x0800163b   Thumb Code    16  controltask.o(.text)
    Controller_Reset                         0x0800164b   Thumb Code    16  controltask.o(.text)
    ChassisMotorCurrentTransmit              0x0800165b   Thumb Code    32  controltask.o(.text)
    GimbalsMotorCurrentTransmit              0x0800167b   Thumb Code   154  controltask.o(.text)
    ControlTask                              0x08001715   Thumb Code   180  controltask.o(.text)
    BSP_Config                               0x080017d9   Thumb Code    58  bsp.o(.text)
    CAN1_Config                              0x08001819   Thumb Code   262  can1.o(.text)
    CAN1_TX_IRQHandler                       0x0800191f   Thumb Code    22  can1.o(.text)
    CAN1_RX0_IRQHandler                      0x08001935   Thumb Code    44  can1.o(.text)
    CAN2_Config                              0x08001971   Thumb Code   264  can2.o(.text)
    CAN2_TX_IRQHandler                       0x08001a79   Thumb Code    22  can2.o(.text)
    CAN2_RX0_IRQHandler                      0x08001a8f   Thumb Code    36  can2.o(.text)
    RC_ENC                                   0x08001ac1   Thumb Code    64  dbus.o(.text)
    RC_DEC                                   0x08001b01   Thumb Code    86  dbus.o(.text)
    HC_ENC                                   0x08001b57   Thumb Code    60  dbus.o(.text)
    HC_DEC                                   0x08001b93   Thumb Code    66  dbus.o(.text)
    DBUS_ENC                                 0x08001bd5   Thumb Code    26  dbus.o(.text)
    DBUS_DEC                                 0x08001bef   Thumb Code    26  dbus.o(.text)
    delay_ms                                 0x08001c09   Thumb Code    28  delay.o(.text)
    delay_us                                 0x08001c25   Thumb Code    26  delay.o(.text)
    Encoder_Process                          0x08001c41   Thumb Code   342  encoder.o(.text)
    Encoder_IsOk                             0x08001d97   Thumb Code    16  encoder.o(.text)
    Encoder_Reset                            0x08001da7   Thumb Code    14  encoder.o(.text)
    Led_Config                               0x08001dc5   Thumb Code    54  led.o(.text)
    SetCMCurrent                             0x08001e01   Thumb Code    92  motor.o(.text)
    SetGMCurrent                             0x08001e5d   Thumb Code    82  motor.o(.text)
    PWM_Config                               0x08001eb1   Thumb Code   434  pwm.o(.text)
    TIM6_Config                              0x08002079   Thumb Code    72  timer.o(.text)
    TIM6_Start                               0x080020c1   Thumb Code    30  timer.o(.text)
    TIM6_DAC_IRQHandler                      0x080020df   Thumb Code    34  timer.o(.text)
    TIM2_Config                              0x08002101   Thumb Code    60  timer.o(.text)
    TIM2_IRQHandler                          0x0800213d   Thumb Code    30  timer.o(.text)
    USART1_Config                            0x08002161   Thumb Code   298  usart1.o(.text)
    USART1_IRQHandler                        0x0800228b   Thumb Code   134  usart1.o(.text)
    USART3_Config                            0x08002331   Thumb Code   184  usart3.o(.text)
    USART3_Print                             0x080023e9   Thumb Code    28  usart3.o(.text)
    USART3_PrintBlock                        0x08002405   Thumb Code    32  usart3.o(.text)
    fputc                                    0x08002425   Thumb Code    32  usart3.o(.text)
    USART3_IRQHandler                        0x08002445   Thumb Code    84  usart3.o(.text)
    invSqrt                                  0x080024a5   Thumb Code    56  imu.o(.text)
    Init_Quaternion                          0x080024dd   Thumb Code   586  imu.o(.text)
    IMU_getValues                            0x08002727   Thumb Code   138  imu.o(.text)
    IMU_AHRSupdate                           0x080027b1   Thumb Code  2032  imu.o(.text)
    IMU_getQ                                 0x08002fa1   Thumb Code    56  imu.o(.text)
    IMU_getYawPitchRoll                      0x08002fd9   Thumb Code   630  imu.o(.text)
    GetPitchYawGxGyGz                        0x0800324f   Thumb Code   206  imu.o(.text)
    MPU6050_Init                             0x0800334d   Thumb Code   236  mpu6050_driver.o(.text)
    MPU6050_EnableInt                        0x08003439   Thumb Code    66  mpu6050_driver.o(.text)
    MPU6050_Initialize                       0x0800347b   Thumb Code    20  mpu6050_driver.o(.text)
    MPU6050_ReadData                         0x0800348f   Thumb Code    44  mpu6050_driver.o(.text)
    MPU6050_DataSave                         0x080034bb   Thumb Code   494  mpu6050_driver.o(.text)
    MPU6050_getMotion6                       0x080036a9   Thumb Code   520  mpu6050_driver.o(.text)
    MPU6050_getlastMotion6                   0x080038b1   Thumb Code    52  mpu6050_driver.o(.text)
    IIC_Delay                                0x080038ed   Thumb Code    26  mpu6050_i2c.o(.text)
    IIC_GPIO_Init                            0x08003907   Thumb Code    62  mpu6050_i2c.o(.text)
    IIC_SDA_Out                              0x08003945   Thumb Code    34  mpu6050_i2c.o(.text)
    IIC_SDA_In                               0x08003967   Thumb Code    38  mpu6050_i2c.o(.text)
    IIC_Start                                0x0800398d   Thumb Code    56  mpu6050_i2c.o(.text)
    IIC_Stop                                 0x080039c5   Thumb Code    56  mpu6050_i2c.o(.text)
    IIC_Ack                                  0x080039fd   Thumb Code    62  mpu6050_i2c.o(.text)
    IIC_WaitAck                              0x08003a3b   Thumb Code    90  mpu6050_i2c.o(.text)
    IIC_WriteBit                             0x08003a95   Thumb Code    90  mpu6050_i2c.o(.text)
    IIC_ReadBit                              0x08003aef   Thumb Code    80  mpu6050_i2c.o(.text)
    IIC_WriteData                            0x08003b3f   Thumb Code    92  mpu6050_i2c.o(.text)
    IIC_ReadData                             0x08003b9b   Thumb Code   146  mpu6050_i2c.o(.text)
    MPU6050_IntConfiguration                 0x08003c89   Thumb Code   124  mpu6050_interrupt.o(.text)
    EXTI9_5_IRQHandler                       0x08003d05   Thumb Code   126  mpu6050_interrupt.o(.text)
    NVIC_PriorityGroupConfig                 0x08003d8d   Thumb Code    10  misc.o(.text)
    NVIC_Init                                0x08003d97   Thumb Code   106  misc.o(.text)
    NVIC_SetVectorTable                      0x08003e01   Thumb Code    14  misc.o(.text)
    NVIC_SystemLPConfig                      0x08003e0f   Thumb Code    34  misc.o(.text)
    SysTick_CLKSourceConfig                  0x08003e31   Thumb Code    40  misc.o(.text)
    CAN_DeInit                               0x08003e6d   Thumb Code    50  stm32f4xx_can.o(.text)
    CAN_Init                                 0x08003e9f   Thumb Code   276  stm32f4xx_can.o(.text)
    CAN_FilterInit                           0x08003fb3   Thumb Code   258  stm32f4xx_can.o(.text)
    CAN_StructInit                           0x080040b5   Thumb Code    32  stm32f4xx_can.o(.text)
    CAN_SlaveStartBank                       0x080040d5   Thumb Code    48  stm32f4xx_can.o(.text)
    CAN_DBGFreeze                            0x08004105   Thumb Code    22  stm32f4xx_can.o(.text)
    CAN_TTComModeCmd                         0x0800411b   Thumb Code   118  stm32f4xx_can.o(.text)
    CAN_Transmit                             0x08004191   Thumb Code   304  stm32f4xx_can.o(.text)
    CAN_TransmitStatus                       0x080042c1   Thumb Code   138  stm32f4xx_can.o(.text)
    CAN_CancelTransmit                       0x0800434b   Thumb Code    48  stm32f4xx_can.o(.text)
    CAN_Receive                              0x0800437b   Thumb Code   240  stm32f4xx_can.o(.text)
    CAN_FIFORelease                          0x0800446b   Thumb Code    22  stm32f4xx_can.o(.text)
    CAN_MessagePending                       0x08004481   Thumb Code    30  stm32f4xx_can.o(.text)
    CAN_OperatingModeRequest                 0x0800449f   Thumb Code   162  stm32f4xx_can.o(.text)
    CAN_Sleep                                0x08004541   Thumb Code    30  stm32f4xx_can.o(.text)
    CAN_WakeUp                               0x0800455f   Thumb Code    48  stm32f4xx_can.o(.text)
    CAN_GetLastErrorCode                     0x0800458f   Thumb Code    12  stm32f4xx_can.o(.text)
    CAN_GetReceiveErrorCounter               0x0800459b   Thumb Code    10  stm32f4xx_can.o(.text)
    CAN_GetLSBTransmitErrorCounter           0x080045a5   Thumb Code    12  stm32f4xx_can.o(.text)
    CAN_ITConfig                             0x080045b1   Thumb Code    18  stm32f4xx_can.o(.text)
    CAN_GetFlagStatus                        0x080045c3   Thumb Code   120  stm32f4xx_can.o(.text)
    CAN_ClearFlag                            0x0800463b   Thumb Code    52  stm32f4xx_can.o(.text)
    CAN_GetITStatus                          0x08004681   Thumb Code   310  stm32f4xx_can.o(.text)
    CAN_ClearITPendingBit                    0x080047b7   Thumb Code   162  stm32f4xx_can.o(.text)
    DMA_DeInit                               0x0800485d   Thumb Code   324  stm32f4xx_dma.o(.text)
    DMA_Init                                 0x080049a1   Thumb Code    82  stm32f4xx_dma.o(.text)
    DMA_StructInit                           0x080049f3   Thumb Code    34  stm32f4xx_dma.o(.text)
    DMA_Cmd                                  0x08004a15   Thumb Code    22  stm32f4xx_dma.o(.text)
    DMA_PeriphIncOffsetSizeConfig            0x08004a2b   Thumb Code    22  stm32f4xx_dma.o(.text)
    DMA_FlowControllerConfig                 0x08004a41   Thumb Code    22  stm32f4xx_dma.o(.text)
    DMA_SetCurrDataCounter                   0x08004a57   Thumb Code     4  stm32f4xx_dma.o(.text)
    DMA_GetCurrDataCounter                   0x08004a5b   Thumb Code     8  stm32f4xx_dma.o(.text)
    DMA_DoubleBufferModeConfig               0x08004a63   Thumb Code    24  stm32f4xx_dma.o(.text)
    DMA_DoubleBufferModeCmd                  0x08004a7b   Thumb Code    22  stm32f4xx_dma.o(.text)
    DMA_MemoryTargetConfig                   0x08004a91   Thumb Code    10  stm32f4xx_dma.o(.text)
    DMA_GetCurrentMemoryTarget               0x08004a9b   Thumb Code    20  stm32f4xx_dma.o(.text)
    DMA_GetCmdStatus                         0x08004aaf   Thumb Code    20  stm32f4xx_dma.o(.text)
    DMA_GetFIFOStatus                        0x08004ac3   Thumb Code    12  stm32f4xx_dma.o(.text)
    DMA_GetFlagStatus                        0x08004acf   Thumb Code    56  stm32f4xx_dma.o(.text)
    DMA_ClearFlag                            0x08004b07   Thumb Code    40  stm32f4xx_dma.o(.text)
    DMA_ITConfig                             0x08004b2f   Thumb Code    58  stm32f4xx_dma.o(.text)
    DMA_GetITStatus                          0x08004b69   Thumb Code    84  stm32f4xx_dma.o(.text)
    DMA_ClearITPendingBit                    0x08004bbd   Thumb Code    40  stm32f4xx_dma.o(.text)
    EXTI_DeInit                              0x08004c05   Thumb Code    28  stm32f4xx_exti.o(.text)
    EXTI_Init                                0x08004c21   Thumb Code   142  stm32f4xx_exti.o(.text)
    EXTI_StructInit                          0x08004caf   Thumb Code    16  stm32f4xx_exti.o(.text)
    EXTI_GenerateSWInterrupt                 0x08004cbf   Thumb Code    16  stm32f4xx_exti.o(.text)
    EXTI_GetFlagStatus                       0x08004ccf   Thumb Code    22  stm32f4xx_exti.o(.text)
    EXTI_ClearFlag                           0x08004ce5   Thumb Code     8  stm32f4xx_exti.o(.text)
    EXTI_GetITStatus                         0x08004ced   Thumb Code    34  stm32f4xx_exti.o(.text)
    EXTI_ClearITPendingBit                   0x08004d0f   Thumb Code     8  stm32f4xx_exti.o(.text)
    GPIO_DeInit                              0x08004d21   Thumb Code   220  stm32f4xx_gpio.o(.text)
    GPIO_Init                                0x08004dfd   Thumb Code   144  stm32f4xx_gpio.o(.text)
    GPIO_StructInit                          0x08004e8d   Thumb Code    18  stm32f4xx_gpio.o(.text)
    GPIO_PinLockConfig                       0x08004e9f   Thumb Code    34  stm32f4xx_gpio.o(.text)
    GPIO_ReadInputDataBit                    0x08004ec1   Thumb Code    18  stm32f4xx_gpio.o(.text)
    GPIO_ReadInputData                       0x08004ed3   Thumb Code     8  stm32f4xx_gpio.o(.text)
    GPIO_ReadOutputDataBit                   0x08004edb   Thumb Code    18  stm32f4xx_gpio.o(.text)
    GPIO_ReadOutputData                      0x08004eed   Thumb Code     8  stm32f4xx_gpio.o(.text)
    GPIO_SetBits                             0x08004ef5   Thumb Code     4  stm32f4xx_gpio.o(.text)
    GPIO_ResetBits                           0x08004ef9   Thumb Code     4  stm32f4xx_gpio.o(.text)
    GPIO_WriteBit                            0x08004efd   Thumb Code    10  stm32f4xx_gpio.o(.text)
    GPIO_Write                               0x08004f07   Thumb Code     4  stm32f4xx_gpio.o(.text)
    GPIO_ToggleBits                          0x08004f0b   Thumb Code     8  stm32f4xx_gpio.o(.text)
    GPIO_PinAFConfig                         0x08004f13   Thumb Code    70  stm32f4xx_gpio.o(.text)
    RCC_DeInit                               0x08004f7d   Thumb Code    60  stm32f4xx_rcc.o(.text)
    RCC_HSEConfig                            0x08004fb9   Thumb Code    14  stm32f4xx_rcc.o(.text)
    RCC_GetFlagStatus                        0x08004fc7   Thumb Code    60  stm32f4xx_rcc.o(.text)
    RCC_WaitForHSEStartUp                    0x08005003   Thumb Code    56  stm32f4xx_rcc.o(.text)
    RCC_AdjustHSICalibrationValue            0x0800503b   Thumb Code    20  stm32f4xx_rcc.o(.text)
    RCC_HSICmd                               0x0800504f   Thumb Code     6  stm32f4xx_rcc.o(.text)
    RCC_LSEConfig                            0x08005055   Thumb Code    46  stm32f4xx_rcc.o(.text)
    RCC_LSICmd                               0x08005083   Thumb Code     6  stm32f4xx_rcc.o(.text)
    RCC_PLLConfig                            0x08005089   Thumb Code    32  stm32f4xx_rcc.o(.text)
    RCC_PLLCmd                               0x080050a9   Thumb Code     6  stm32f4xx_rcc.o(.text)
    RCC_PLLI2SConfig                         0x080050af   Thumb Code    14  stm32f4xx_rcc.o(.text)
    RCC_PLLI2SCmd                            0x080050bd   Thumb Code     6  stm32f4xx_rcc.o(.text)
    RCC_ClockSecuritySystemCmd               0x080050c3   Thumb Code     6  stm32f4xx_rcc.o(.text)
    RCC_MCO1Config                           0x080050c9   Thumb Code    28  stm32f4xx_rcc.o(.text)
    RCC_MCO2Config                           0x080050e5   Thumb Code    28  stm32f4xx_rcc.o(.text)
    RCC_SYSCLKConfig                         0x08005101   Thumb Code    20  stm32f4xx_rcc.o(.text)
    RCC_GetSYSCLKSource                      0x08005115   Thumb Code    12  stm32f4xx_rcc.o(.text)
    RCC_HCLKConfig                           0x08005121   Thumb Code    20  stm32f4xx_rcc.o(.text)
    RCC_PCLK1Config                          0x08005135   Thumb Code    20  stm32f4xx_rcc.o(.text)
    RCC_PCLK2Config                          0x08005149   Thumb Code    22  stm32f4xx_rcc.o(.text)
    RCC_GetClocksFreq                        0x0800515f   Thumb Code   222  stm32f4xx_rcc.o(.text)
    RCC_RTCCLKConfig                         0x0800523d   Thumb Code    54  stm32f4xx_rcc.o(.text)
    RCC_RTCCLKCmd                            0x08005273   Thumb Code     8  stm32f4xx_rcc.o(.text)
    RCC_BackupResetCmd                       0x0800527b   Thumb Code     8  stm32f4xx_rcc.o(.text)
    RCC_I2SCLKConfig                         0x08005283   Thumb Code     6  stm32f4xx_rcc.o(.text)
    RCC_AHB1PeriphClockCmd                   0x08005289   Thumb Code    34  stm32f4xx_rcc.o(.text)
    RCC_AHB2PeriphClockCmd                   0x080052ab   Thumb Code    34  stm32f4xx_rcc.o(.text)
    RCC_AHB3PeriphClockCmd                   0x080052cd   Thumb Code    34  stm32f4xx_rcc.o(.text)
    RCC_APB1PeriphClockCmd                   0x080052ef   Thumb Code    34  stm32f4xx_rcc.o(.text)
    RCC_APB2PeriphClockCmd                   0x08005311   Thumb Code    34  stm32f4xx_rcc.o(.text)
    RCC_AHB1PeriphResetCmd                   0x08005333   Thumb Code    34  stm32f4xx_rcc.o(.text)
    RCC_AHB2PeriphResetCmd                   0x08005355   Thumb Code    72  stm32f4xx_rcc.o(.text)
    RCC_AHB3PeriphResetCmd                   0x0800539d   Thumb Code    34  stm32f4xx_rcc.o(.text)
    RCC_APB1PeriphResetCmd                   0x080053bf   Thumb Code    34  stm32f4xx_rcc.o(.text)
    RCC_APB2PeriphResetCmd                   0x080053e1   Thumb Code    34  stm32f4xx_rcc.o(.text)
    RCC_AHB1PeriphClockLPModeCmd             0x08005403   Thumb Code    34  stm32f4xx_rcc.o(.text)
    RCC_AHB2PeriphClockLPModeCmd             0x08005425   Thumb Code    34  stm32f4xx_rcc.o(.text)
    RCC_AHB3PeriphClockLPModeCmd             0x08005447   Thumb Code    34  stm32f4xx_rcc.o(.text)
    RCC_APB1PeriphClockLPModeCmd             0x08005469   Thumb Code    34  stm32f4xx_rcc.o(.text)
    RCC_APB2PeriphClockLPModeCmd             0x0800548b   Thumb Code    34  stm32f4xx_rcc.o(.text)
    RCC_ITConfig                             0x080054ad   Thumb Code    34  stm32f4xx_rcc.o(.text)
    RCC_ClearFlag                            0x080054cf   Thumb Code    18  stm32f4xx_rcc.o(.text)
    RCC_GetITStatus                          0x080054e1   Thumb Code    22  stm32f4xx_rcc.o(.text)
    RCC_ClearITPendingBit                    0x080054f7   Thumb Code     8  stm32f4xx_rcc.o(.text)
    SYSCFG_DeInit                            0x08005505   Thumb Code    22  stm32f4xx_syscfg.o(.text)
    SYSCFG_MemoryRemapConfig                 0x0800551b   Thumb Code     6  stm32f4xx_syscfg.o(.text)
    SYSCFG_EXTILineConfig                    0x08005521   Thumb Code    66  stm32f4xx_syscfg.o(.text)
    SYSCFG_ETH_MediaInterfaceConfig          0x08005563   Thumb Code     6  stm32f4xx_syscfg.o(.text)
    SYSCFG_CompensationCellCmd               0x08005569   Thumb Code     6  stm32f4xx_syscfg.o(.text)
    SYSCFG_GetCompensationCellStatus         0x0800556f   Thumb Code    22  stm32f4xx_syscfg.o(.text)
    TIM_DeInit                               0x08005591   Thumb Code   346  stm32f4xx_tim.o(.text)
    TIM_TimeBaseInit                         0x080056eb   Thumb Code   104  stm32f4xx_tim.o(.text)
    TIM_TimeBaseStructInit                   0x08005753   Thumb Code    18  stm32f4xx_tim.o(.text)
    TIM_PrescalerConfig                      0x08005765   Thumb Code     6  stm32f4xx_tim.o(.text)
    TIM_CounterModeConfig                    0x0800576b   Thumb Code    18  stm32f4xx_tim.o(.text)
    TIM_SetCounter                           0x0800577d   Thumb Code     4  stm32f4xx_tim.o(.text)
    TIM_SetAutoreload                        0x08005781   Thumb Code     4  stm32f4xx_tim.o(.text)
    TIM_GetCounter                           0x08005785   Thumb Code     6  stm32f4xx_tim.o(.text)
    TIM_GetPrescaler                         0x0800578b   Thumb Code     6  stm32f4xx_tim.o(.text)
    TIM_UpdateDisableConfig                  0x08005791   Thumb Code    24  stm32f4xx_tim.o(.text)
    TIM_UpdateRequestConfig                  0x080057a9   Thumb Code    24  stm32f4xx_tim.o(.text)
    TIM_ARRPreloadConfig                     0x080057c1   Thumb Code    24  stm32f4xx_tim.o(.text)
    TIM_SelectOnePulseMode                   0x080057d9   Thumb Code    18  stm32f4xx_tim.o(.text)
    TIM_SetClockDivision                     0x080057eb   Thumb Code    18  stm32f4xx_tim.o(.text)
    TIM_Cmd                                  0x080057fd   Thumb Code    24  stm32f4xx_tim.o(.text)
    TIM_OC1Init                              0x08005815   Thumb Code   114  stm32f4xx_tim.o(.text)
    TIM_OC2Init                              0x08005887   Thumb Code   154  stm32f4xx_tim.o(.text)
    TIM_OC3Init                              0x08005921   Thumb Code   204  stm32f4xx_tim.o(.text)
    TIM_OC4Init                              0x080059ed   Thumb Code   112  stm32f4xx_tim.o(.text)
    TIM_OCStructInit                         0x08005a5d   Thumb Code    20  stm32f4xx_tim.o(.text)
    TIM_SelectOCxM                           0x08005a71   Thumb Code    86  stm32f4xx_tim.o(.text)
    TIM_SetCompare1                          0x08005ac7   Thumb Code     4  stm32f4xx_tim.o(.text)
    TIM_SetCompare2                          0x08005acb   Thumb Code     4  stm32f4xx_tim.o(.text)
    TIM_SetCompare3                          0x08005acf   Thumb Code     4  stm32f4xx_tim.o(.text)
    TIM_SetCompare4                          0x08005ad3   Thumb Code     4  stm32f4xx_tim.o(.text)
    TIM_ForcedOC1Config                      0x08005ad7   Thumb Code    18  stm32f4xx_tim.o(.text)
    TIM_ForcedOC2Config                      0x08005ae9   Thumb Code    26  stm32f4xx_tim.o(.text)
    TIM_ForcedOC3Config                      0x08005b03   Thumb Code    18  stm32f4xx_tim.o(.text)
    TIM_ForcedOC4Config                      0x08005b15   Thumb Code    26  stm32f4xx_tim.o(.text)
    TIM_OC1PreloadConfig                     0x08005b2f   Thumb Code    18  stm32f4xx_tim.o(.text)
    TIM_OC2PreloadConfig                     0x08005b41   Thumb Code    26  stm32f4xx_tim.o(.text)
    TIM_OC3PreloadConfig                     0x08005b5b   Thumb Code    18  stm32f4xx_tim.o(.text)
    TIM_OC4PreloadConfig                     0x08005b6d   Thumb Code    26  stm32f4xx_tim.o(.text)
    TIM_OC1FastConfig                        0x08005b87   Thumb Code    18  stm32f4xx_tim.o(.text)
    TIM_OC2FastConfig                        0x08005b99   Thumb Code    26  stm32f4xx_tim.o(.text)
    TIM_OC3FastConfig                        0x08005bb3   Thumb Code    18  stm32f4xx_tim.o(.text)
    TIM_OC4FastConfig                        0x08005bc5   Thumb Code    26  stm32f4xx_tim.o(.text)
    TIM_ClearOC1Ref                          0x08005bdf   Thumb Code    18  stm32f4xx_tim.o(.text)
    TIM_ClearOC2Ref                          0x08005bf1   Thumb Code    24  stm32f4xx_tim.o(.text)
    TIM_ClearOC3Ref                          0x08005c09   Thumb Code    18  stm32f4xx_tim.o(.text)
    TIM_ClearOC4Ref                          0x08005c1b   Thumb Code    24  stm32f4xx_tim.o(.text)
    TIM_OC1PolarityConfig                    0x08005c33   Thumb Code    18  stm32f4xx_tim.o(.text)
    TIM_OC1NPolarityConfig                   0x08005c45   Thumb Code    18  stm32f4xx_tim.o(.text)
    TIM_OC2PolarityConfig                    0x08005c57   Thumb Code    26  stm32f4xx_tim.o(.text)
    TIM_OC2NPolarityConfig                   0x08005c71   Thumb Code    26  stm32f4xx_tim.o(.text)
    TIM_OC3PolarityConfig                    0x08005c8b   Thumb Code    26  stm32f4xx_tim.o(.text)
    TIM_OC3NPolarityConfig                   0x08005ca5   Thumb Code    26  stm32f4xx_tim.o(.text)
    TIM_OC4PolarityConfig                    0x08005cbf   Thumb Code    26  stm32f4xx_tim.o(.text)
    TIM_CCxCmd                               0x08005cd9   Thumb Code    30  stm32f4xx_tim.o(.text)
    TIM_CCxNCmd                              0x08005cf7   Thumb Code    30  stm32f4xx_tim.o(.text)
    TIM_SetIC4Prescaler                      0x08005d15   Thumb Code    26  stm32f4xx_tim.o(.text)
    TIM_SetIC3Prescaler                      0x08005d7f   Thumb Code    18  stm32f4xx_tim.o(.text)
    TIM_SetIC2Prescaler                      0x08005dd9   Thumb Code    26  stm32f4xx_tim.o(.text)
    TIM_SetIC1Prescaler                      0x08005e4d   Thumb Code    18  stm32f4xx_tim.o(.text)
    TIM_ICInit                               0x08005e99   Thumb Code   110  stm32f4xx_tim.o(.text)
    TIM_ICStructInit                         0x08005f07   Thumb Code    18  stm32f4xx_tim.o(.text)
    TIM_PWMIConfig                           0x08005f19   Thumb Code   124  stm32f4xx_tim.o(.text)
    TIM_GetCapture1                          0x08005f95   Thumb Code     6  stm32f4xx_tim.o(.text)
    TIM_GetCapture2                          0x08005f9b   Thumb Code     6  stm32f4xx_tim.o(.text)
    TIM_GetCapture3                          0x08005fa1   Thumb Code     6  stm32f4xx_tim.o(.text)
    TIM_GetCapture4                          0x08005fa7   Thumb Code     6  stm32f4xx_tim.o(.text)
    TIM_BDTRConfig                           0x08005fad   Thumb Code    32  stm32f4xx_tim.o(.text)
    TIM_BDTRStructInit                       0x08005fcd   Thumb Code    18  stm32f4xx_tim.o(.text)
    TIM_CtrlPWMOutputs                       0x08005fdf   Thumb Code    30  stm32f4xx_tim.o(.text)
    TIM_SelectCOM                            0x08005ffd   Thumb Code    24  stm32f4xx_tim.o(.text)
    TIM_CCPreloadControl                     0x08006015   Thumb Code    24  stm32f4xx_tim.o(.text)
    TIM_ITConfig                             0x0800602d   Thumb Code    18  stm32f4xx_tim.o(.text)
    TIM_GenerateEvent                        0x0800603f   Thumb Code     4  stm32f4xx_tim.o(.text)
    TIM_GetFlagStatus                        0x08006043   Thumb Code    18  stm32f4xx_tim.o(.text)
    TIM_ClearFlag                            0x08006055   Thumb Code     6  stm32f4xx_tim.o(.text)
    TIM_GetITStatus                          0x0800605b   Thumb Code    34  stm32f4xx_tim.o(.text)
    TIM_ClearITPendingBit                    0x0800607d   Thumb Code     6  stm32f4xx_tim.o(.text)
    TIM_DMAConfig                            0x08006083   Thumb Code    10  stm32f4xx_tim.o(.text)
    TIM_DMACmd                               0x0800608d   Thumb Code    18  stm32f4xx_tim.o(.text)
    TIM_SelectCCDMA                          0x0800609f   Thumb Code    24  stm32f4xx_tim.o(.text)
    TIM_InternalClockConfig                  0x080060b7   Thumb Code    12  stm32f4xx_tim.o(.text)
    TIM_SelectInputTrigger                   0x080060c3   Thumb Code    18  stm32f4xx_tim.o(.text)
    TIM_ITRxExternalClockConfig              0x080060d5   Thumb Code    24  stm32f4xx_tim.o(.text)
    TIM_TIxExternalClockConfig               0x080060ed   Thumb Code    62  stm32f4xx_tim.o(.text)
    TIM_ETRConfig                            0x0800612b   Thumb Code    28  stm32f4xx_tim.o(.text)
    TIM_ETRClockMode1Config                  0x08006147   Thumb Code    54  stm32f4xx_tim.o(.text)
    TIM_ETRClockMode2Config                  0x0800617d   Thumb Code    32  stm32f4xx_tim.o(.text)
    TIM_SelectOutputTrigger                  0x0800619d   Thumb Code    18  stm32f4xx_tim.o(.text)
    TIM_SelectSlaveMode                      0x080061af   Thumb Code    18  stm32f4xx_tim.o(.text)
    TIM_SelectMasterSlaveMode                0x080061c1   Thumb Code    18  stm32f4xx_tim.o(.text)
    TIM_EncoderInterfaceConfig               0x080061d3   Thumb Code    66  stm32f4xx_tim.o(.text)
    TIM_SelectHallSensor                     0x08006215   Thumb Code    24  stm32f4xx_tim.o(.text)
    TIM_RemapConfig                          0x0800622d   Thumb Code     6  stm32f4xx_tim.o(.text)
    USART_DeInit                             0x08006235   Thumb Code   156  stm32f4xx_usart.o(.text)
    USART_Init                               0x080062d1   Thumb Code   204  stm32f4xx_usart.o(.text)
    USART_StructInit                         0x0800639d   Thumb Code    24  stm32f4xx_usart.o(.text)
    USART_ClockInit                          0x080063b5   Thumb Code    32  stm32f4xx_usart.o(.text)
    USART_ClockStructInit                    0x080063d5   Thumb Code    12  stm32f4xx_usart.o(.text)
    USART_Cmd                                0x080063e1   Thumb Code    24  stm32f4xx_usart.o(.text)
    USART_SetPrescaler                       0x080063f9   Thumb Code    16  stm32f4xx_usart.o(.text)
    USART_OverSampling8Cmd                   0x08006409   Thumb Code    22  stm32f4xx_usart.o(.text)
    USART_OneBitMethodCmd                    0x0800641f   Thumb Code    24  stm32f4xx_usart.o(.text)
    USART_SendData                           0x08006437   Thumb Code     8  stm32f4xx_usart.o(.text)
    USART_ReceiveData                        0x0800643f   Thumb Code    10  stm32f4xx_usart.o(.text)
    USART_SetAddress                         0x08006449   Thumb Code    18  stm32f4xx_usart.o(.text)
    USART_ReceiverWakeUpCmd                  0x0800645b   Thumb Code    24  stm32f4xx_usart.o(.text)
    USART_WakeUpConfig                       0x08006473   Thumb Code    18  stm32f4xx_usart.o(.text)
    USART_LINBreakDetectLengthConfig         0x08006485   Thumb Code    18  stm32f4xx_usart.o(.text)
    USART_LINCmd                             0x08006497   Thumb Code    24  stm32f4xx_usart.o(.text)
    USART_SendBreak                          0x080064af   Thumb Code    10  stm32f4xx_usart.o(.text)
    USART_HalfDuplexCmd                      0x080064b9   Thumb Code    24  stm32f4xx_usart.o(.text)
    USART_SetGuardTime                       0x080064d1   Thumb Code    16  stm32f4xx_usart.o(.text)
    USART_SmartCardCmd                       0x080064e1   Thumb Code    24  stm32f4xx_usart.o(.text)
    USART_SmartCardNACKCmd                   0x080064f9   Thumb Code    24  stm32f4xx_usart.o(.text)
    USART_IrDAConfig                         0x08006511   Thumb Code    18  stm32f4xx_usart.o(.text)
    USART_IrDACmd                            0x08006523   Thumb Code    24  stm32f4xx_usart.o(.text)
    USART_DMACmd                             0x0800653b   Thumb Code    18  stm32f4xx_usart.o(.text)
    USART_ITConfig                           0x0800654d   Thumb Code    74  stm32f4xx_usart.o(.text)
    USART_GetFlagStatus                      0x08006597   Thumb Code    26  stm32f4xx_usart.o(.text)
    USART_ClearFlag                          0x080065b1   Thumb Code    18  stm32f4xx_usart.o(.text)
    USART_GetITStatus                        0x080065c3   Thumb Code   110  stm32f4xx_usart.o(.text)
    USART_ClearITPendingBit                  0x08006631   Thumb Code    30  stm32f4xx_usart.o(.text)
    SystemInit                               0x0800672d   Thumb Code    88  system_stm32f4xx.o(.text)
    SystemCoreClockUpdate                    0x08006785   Thumb Code   174  system_stm32f4xx.o(.text)
    Reset_Handler                            0x08006861   Thumb Code     8  startup_stm32f4xx.o(.text)
    NMI_Handler                              0x08006869   Thumb Code     2  startup_stm32f4xx.o(.text)
    HardFault_Handler                        0x0800686b   Thumb Code     2  startup_stm32f4xx.o(.text)
    MemManage_Handler                        0x0800686d   Thumb Code     2  startup_stm32f4xx.o(.text)
    BusFault_Handler                         0x0800686f   Thumb Code     2  startup_stm32f4xx.o(.text)
    UsageFault_Handler                       0x08006871   Thumb Code     2  startup_stm32f4xx.o(.text)
    SVC_Handler                              0x08006873   Thumb Code     2  startup_stm32f4xx.o(.text)
    DebugMon_Handler                         0x08006875   Thumb Code     2  startup_stm32f4xx.o(.text)
    PendSV_Handler                           0x08006877   Thumb Code     2  startup_stm32f4xx.o(.text)
    SysTick_Handler                          0x08006879   Thumb Code     2  startup_stm32f4xx.o(.text)
    ADC_IRQHandler                           0x0800687b   Thumb Code     0  startup_stm32f4xx.o(.text)
    CAN1_RX1_IRQHandler                      0x0800687b   Thumb Code     0  startup_stm32f4xx.o(.text)
    CAN1_SCE_IRQHandler                      0x0800687b   Thumb Code     0  startup_stm32f4xx.o(.text)
    CAN2_RX1_IRQHandler                      0x0800687b   Thumb Code     0  startup_stm32f4xx.o(.text)
    CAN2_SCE_IRQHandler                      0x0800687b   Thumb Code     0  startup_stm32f4xx.o(.text)
    CRYP_IRQHandler                          0x0800687b   Thumb Code     0  startup_stm32f4xx.o(.text)
    DCMI_IRQHandler                          0x0800687b   Thumb Code     0  startup_stm32f4xx.o(.text)
    DMA1_Stream0_IRQHandler                  0x0800687b   Thumb Code     0  startup_stm32f4xx.o(.text)
    DMA1_Stream1_IRQHandler                  0x0800687b   Thumb Code     0  startup_stm32f4xx.o(.text)
    DMA1_Stream2_IRQHandler                  0x0800687b   Thumb Code     0  startup_stm32f4xx.o(.text)
    DMA1_Stream3_IRQHandler                  0x0800687b   Thumb Code     0  startup_stm32f4xx.o(.text)
    DMA1_Stream4_IRQHandler                  0x0800687b   Thumb Code     0  startup_stm32f4xx.o(.text)
    DMA1_Stream5_IRQHandler                  0x0800687b   Thumb Code     0  startup_stm32f4xx.o(.text)
    DMA1_Stream6_IRQHandler                  0x0800687b   Thumb Code     0  startup_stm32f4xx.o(.text)
    DMA1_Stream7_IRQHandler                  0x0800687b   Thumb Code     0  startup_stm32f4xx.o(.text)
    DMA2_Stream0_IRQHandler                  0x0800687b   Thumb Code     0  startup_stm32f4xx.o(.text)
    DMA2_Stream1_IRQHandler                  0x0800687b   Thumb Code     0  startup_stm32f4xx.o(.text)
    DMA2_Stream2_IRQHandler                  0x0800687b   Thumb Code     0  startup_stm32f4xx.o(.text)
    DMA2_Stream3_IRQHandler                  0x0800687b   Thumb Code     0  startup_stm32f4xx.o(.text)
    DMA2_Stream4_IRQHandler                  0x0800687b   Thumb Code     0  startup_stm32f4xx.o(.text)
    DMA2_Stream5_IRQHandler                  0x0800687b   Thumb Code     0  startup_stm32f4xx.o(.text)
    DMA2_Stream6_IRQHandler                  0x0800687b   Thumb Code     0  startup_stm32f4xx.o(.text)
    DMA2_Stream7_IRQHandler                  0x0800687b   Thumb Code     0  startup_stm32f4xx.o(.text)
    ETH_IRQHandler                           0x0800687b   Thumb Code     0  startup_stm32f4xx.o(.text)
    ETH_WKUP_IRQHandler                      0x0800687b   Thumb Code     0  startup_stm32f4xx.o(.text)
    EXTI0_IRQHandler                         0x0800687b   Thumb Code     0  startup_stm32f4xx.o(.text)
    EXTI15_10_IRQHandler                     0x0800687b   Thumb Code     0  startup_stm32f4xx.o(.text)
    EXTI1_IRQHandler                         0x0800687b   Thumb Code     0  startup_stm32f4xx.o(.text)
    EXTI2_IRQHandler                         0x0800687b   Thumb Code     0  startup_stm32f4xx.o(.text)
    EXTI3_IRQHandler                         0x0800687b   Thumb Code     0  startup_stm32f4xx.o(.text)
    EXTI4_IRQHandler                         0x0800687b   Thumb Code     0  startup_stm32f4xx.o(.text)
    FLASH_IRQHandler                         0x0800687b   Thumb Code     0  startup_stm32f4xx.o(.text)
    FPU_IRQHandler                           0x0800687b   Thumb Code     0  startup_stm32f4xx.o(.text)
    FSMC_IRQHandler                          0x0800687b   Thumb Code     0  startup_stm32f4xx.o(.text)
    HASH_RNG_IRQHandler                      0x0800687b   Thumb Code     0  startup_stm32f4xx.o(.text)
    I2C1_ER_IRQHandler                       0x0800687b   Thumb Code     0  startup_stm32f4xx.o(.text)
    I2C1_EV_IRQHandler                       0x0800687b   Thumb Code     0  startup_stm32f4xx.o(.text)
    I2C2_ER_IRQHandler                       0x0800687b   Thumb Code     0  startup_stm32f4xx.o(.text)
    I2C2_EV_IRQHandler                       0x0800687b   Thumb Code     0  startup_stm32f4xx.o(.text)
    I2C3_ER_IRQHandler                       0x0800687b   Thumb Code     0  startup_stm32f4xx.o(.text)
    I2C3_EV_IRQHandler                       0x0800687b   Thumb Code     0  startup_stm32f4xx.o(.text)
    OTG_FS_IRQHandler                        0x0800687b   Thumb Code     0  startup_stm32f4xx.o(.text)
    OTG_FS_WKUP_IRQHandler                   0x0800687b   Thumb Code     0  startup_stm32f4xx.o(.text)
    OTG_HS_EP1_IN_IRQHandler                 0x0800687b   Thumb Code     0  startup_stm32f4xx.o(.text)
    OTG_HS_EP1_OUT_IRQHandler                0x0800687b   Thumb Code     0  startup_stm32f4xx.o(.text)
    OTG_HS_IRQHandler                        0x0800687b   Thumb Code     0  startup_stm32f4xx.o(.text)
    OTG_HS_WKUP_IRQHandler                   0x0800687b   Thumb Code     0  startup_stm32f4xx.o(.text)
    PVD_IRQHandler                           0x0800687b   Thumb Code     0  startup_stm32f4xx.o(.text)
    RCC_IRQHandler                           0x0800687b   Thumb Code     0  startup_stm32f4xx.o(.text)
    RTC_Alarm_IRQHandler                     0x0800687b   Thumb Code     0  startup_stm32f4xx.o(.text)
    RTC_WKUP_IRQHandler                      0x0800687b   Thumb Code     0  startup_stm32f4xx.o(.text)
    SDIO_IRQHandler                          0x0800687b   Thumb Code     0  startup_stm32f4xx.o(.text)
    SPI1_IRQHandler                          0x0800687b   Thumb Code     0  startup_stm32f4xx.o(.text)
    SPI2_IRQHandler                          0x0800687b   Thumb Code     0  startup_stm32f4xx.o(.text)
    SPI3_IRQHandler                          0x0800687b   Thumb Code     0  startup_stm32f4xx.o(.text)
    TAMP_STAMP_IRQHandler                    0x0800687b   Thumb Code     0  startup_stm32f4xx.o(.text)
    TIM1_BRK_TIM9_IRQHandler                 0x0800687b   Thumb Code     0  startup_stm32f4xx.o(.text)
    TIM1_CC_IRQHandler                       0x0800687b   Thumb Code     0  startup_stm32f4xx.o(.text)
    TIM1_TRG_COM_TIM11_IRQHandler            0x0800687b   Thumb Code     0  startup_stm32f4xx.o(.text)
    TIM1_UP_TIM10_IRQHandler                 0x0800687b   Thumb Code     0  startup_stm32f4xx.o(.text)
    TIM3_IRQHandler                          0x0800687b   Thumb Code     0  startup_stm32f4xx.o(.text)
    TIM4_IRQHandler                          0x0800687b   Thumb Code     0  startup_stm32f4xx.o(.text)
    TIM5_IRQHandler                          0x0800687b   Thumb Code     0  startup_stm32f4xx.o(.text)
    TIM7_IRQHandler                          0x0800687b   Thumb Code     0  startup_stm32f4xx.o(.text)
    TIM8_BRK_TIM12_IRQHandler                0x0800687b   Thumb Code     0  startup_stm32f4xx.o(.text)
    TIM8_CC_IRQHandler                       0x0800687b   Thumb Code     0  startup_stm32f4xx.o(.text)
    TIM8_TRG_COM_TIM14_IRQHandler            0x0800687b   Thumb Code     0  startup_stm32f4xx.o(.text)
    TIM8_UP_TIM13_IRQHandler                 0x0800687b   Thumb Code     0  startup_stm32f4xx.o(.text)
    UART4_IRQHandler                         0x0800687b   Thumb Code     0  startup_stm32f4xx.o(.text)
    UART5_IRQHandler                         0x0800687b   Thumb Code     0  startup_stm32f4xx.o(.text)
    USART2_IRQHandler                        0x0800687b   Thumb Code     0  startup_stm32f4xx.o(.text)
    USART6_IRQHandler                        0x0800687b   Thumb Code     0  startup_stm32f4xx.o(.text)
    WWDG_IRQHandler                          0x0800687b   Thumb Code     0  startup_stm32f4xx.o(.text)
    DebugIMU                                 0x08006885   Thumb Code   130  main.o(.text)
    main                                     0x08006907   Thumb Code    98  main.o(.text)
    __aeabi_memset                           0x080069a1   Thumb Code    14  memseta.o(.text)
    __aeabi_memset4                          0x080069a1   Thumb Code     0  memseta.o(.text)
    __aeabi_memset8                          0x080069a1   Thumb Code     0  memseta.o(.text)
    __aeabi_memclr                           0x080069af   Thumb Code     4  memseta.o(.text)
    __aeabi_memclr4                          0x080069af   Thumb Code     0  memseta.o(.text)
    __aeabi_memclr8                          0x080069af   Thumb Code     0  memseta.o(.text)
    _memset$wrapper                          0x080069b3   Thumb Code    18  memseta.o(.text)
    __aeabi_dmul                             0x080069c5   Thumb Code   228  dmul.o(.text)
    __aeabi_ddiv                             0x08006aa9   Thumb Code   222  ddiv.o(.text)
    __aeabi_i2d                              0x08006b87   Thumb Code    34  dflti.o(.text)
    __aeabi_f2d                              0x08006ba9   Thumb Code    38  f2d.o(.text)
    __aeabi_cdrcmple                         0x08006bd1   Thumb Code    48  cdrcmple.o(.text)
    __aeabi_d2f                              0x08006c01   Thumb Code    56  d2f.o(.text)
    __aeabi_uidiv                            0x08006c39   Thumb Code     0  uidiv.o(.text)
    __aeabi_uidivmod                         0x08006c39   Thumb Code    44  uidiv.o(.text)
    __aeabi_uldivmod                         0x08006c65   Thumb Code    98  uldiv.o(.text)
    __I$use$fp                               0x08006cc7   Thumb Code     0  iusefp.o(.text)
    _float_round                             0x08006cc7   Thumb Code    18  fepilogue.o(.text)
    _float_epilogue                          0x08006cd9   Thumb Code    92  fepilogue.o(.text)
    _double_round                            0x08006d35   Thumb Code    30  depilogue.o(.text)
    _double_epilogue                         0x08006d53   Thumb Code   156  depilogue.o(.text)
    __aeabi_dadd                             0x08006def   Thumb Code   322  dadd.o(.text)
    __aeabi_dsub                             0x08006f31   Thumb Code     6  dadd.o(.text)
    __aeabi_drsub                            0x08006f37   Thumb Code     6  dadd.o(.text)
    _dsqrt                                   0x08006f3d   Thumb Code   162  dsqrt.o(.text)
    __aeabi_d2ulz                            0x08006fdf   Thumb Code    48  dfixul.o(.text)
    __scatterload                            0x08007011   Thumb Code    28  init.o(.text)
    __scatterload_rt2                        0x08007011   Thumb Code     0  init.o(.text)
    __aeabi_llsl                             0x08007035   Thumb Code    30  llshl.o(.text)
    _ll_shift_l                              0x08007035   Thumb Code     0  llshl.o(.text)
    __aeabi_llsr                             0x08007053   Thumb Code    32  llushr.o(.text)
    _ll_ushift_r                             0x08007053   Thumb Code     0  llushr.o(.text)
    __aeabi_lasr                             0x08007073   Thumb Code    36  llsshr.o(.text)
    _ll_sshift_r                             0x08007073   Thumb Code     0  llsshr.o(.text)
    __decompress                             0x08007097   Thumb Code     0  __dczerorl2.o(.text)
    __decompress1                            0x08007097   Thumb Code    86  __dczerorl2.o(.text)
    __0printf                                0x080070ed   Thumb Code    22  printfa.o(i.__0printf)
    __1printf                                0x080070ed   Thumb Code     0  printfa.o(i.__0printf)
    __2printf                                0x080070ed   Thumb Code     0  printfa.o(i.__0printf)
    __c89printf                              0x080070ed   Thumb Code     0  printfa.o(i.__0printf)
    printf                                   0x080070ed   Thumb Code     0  printfa.o(i.__0printf)
    __ARM_fpclassify                         0x0800710d   Thumb Code    48  fpclassify.o(i.__ARM_fpclassify)
    __hardfp_asin                            0x08007141   Thumb Code   770  asin.o(i.__hardfp_asin)
    __hardfp_atan                            0x080074a1   Thumb Code   622  atan.o(i.__hardfp_atan)
    __hardfp_atan2                           0x08007779   Thumb Code   432  atan2.o(i.__hardfp_atan2)
    __hardfp_fabs                            0x08007969   Thumb Code    20  fabs.o(i.__hardfp_fabs)
    __hardfp_sqrt                            0x0800797d   Thumb Code   122  sqrt.o(i.__hardfp_sqrt)
    __kernel_poly                            0x080079f7   Thumb Code   248  poly.o(i.__kernel_poly)
    __mathlib_dbl_infnan                     0x08007aef   Thumb Code    20  dunder.o(i.__mathlib_dbl_infnan)
    __mathlib_dbl_infnan2                    0x08007b03   Thumb Code    20  dunder.o(i.__mathlib_dbl_infnan2)
    __mathlib_dbl_invalid                    0x08007b19   Thumb Code    24  dunder.o(i.__mathlib_dbl_invalid)
    __mathlib_dbl_underflow                  0x08007b39   Thumb Code    24  dunder.o(i.__mathlib_dbl_underflow)
    __scatterload_copy                       0x08007b59   Thumb Code    14  handlers.o(i.__scatterload_copy)
    __scatterload_null                       0x08007b67   Thumb Code     2  handlers.o(i.__scatterload_null)
    __scatterload_zeroinit                   0x08007b69   Thumb Code    14  handlers.o(i.__scatterload_zeroinit)
    __set_errno                              0x08007b79   Thumb Code     6  errno.o(i.__set_errno)
    atan                                     0x08008417   Thumb Code    16  atan.o(i.atan)
    fabs                                     0x08008427   Thumb Code    24  fabs.o(i.fabs)
    free                                     0x08008441   Thumb Code    76  malloc.o(i.free)
    malloc                                   0x08008491   Thumb Code    92  malloc.o(i.malloc)
    sqrt                                     0x080084fd   Thumb Code   110  sqrt.o(i.sqrt)
    __mathlib_zero                           0x08008658   Data           8  qnan.o(.constdata)
    Region$$Table$$Base                      0x08008660   Number         0  anon$$obj.o(Region$$Table)
    Region$$Table$$Limit                     0x08008680   Number         0  anon$$obj.o(Region$$Table)
    ZGyroAngle                               0x20000000   Data           4  can1task.o(.data)
    inputMode                                0x20000004   Data           1  inputtask.o(.data)
    lastInputMode                            0x20000005   Data           1  inputtask.o(.data)
    ctrlMode                                 0x20000006   Data           1  inputtask.o(.data)
    lastCtrlMode                             0x20000007   Data           1  inputtask.o(.data)
    switchPanel                              0x20000008   Data           6  inputtask.o(.data)
    gimbalsPosition                          0x2000000e   Data           8  inputtask.o(.data)
    gimbalsSpeed                             0x20000016   Data           8  inputtask.o(.data)
    gimbalsCurrent                           0x2000001e   Data           8  inputtask.o(.data)
    mafilter_x                               0x20000028   Data           4  inputtask.o(.data)
    mafilter_y                               0x2000002c   Data           4  inputtask.o(.data)
    mafilter_z                               0x20000030   Data           4  inputtask.o(.data)
    workingState                             0x20000034   Data           1  controltask.o(.data)
    lastWorkingState                         0x20000035   Data           1  controltask.o(.data)
    chassisPositionXPid                      0x20000038   Data          80  controltask.o(.data)
    chassisPositionYPid                      0x20000088   Data          80  controltask.o(.data)
    chassisPositionZPid                      0x200000d8   Data          80  controltask.o(.data)
    chassisSpeedXPid                         0x20000128   Data          80  controltask.o(.data)
    chassisSpeedYPid                         0x20000178   Data          80  controltask.o(.data)
    chassisSpeedZPid                         0x200001c8   Data          80  controltask.o(.data)
    gimbalsPositionYawPID                    0x20000218   Data          80  controltask.o(.data)
    gimbalsPositionPitchPID                  0x20000268   Data          80  controltask.o(.data)
    gimbalsSpeedYawPID                       0x200002b8   Data          80  controltask.o(.data)
    gimbalsSpeedPitchPID                     0x20000308   Data          80  controltask.o(.data)
    chassisRamp                              0x20000358   Data          48  controltask.o(.data)
    gimbalsRamp                              0x20000388   Data          48  controltask.o(.data)
    chassisMotorCurrent                      0x200003b8   Data           8  controltask.o(.data)
    gimbalsMotorCurrent                      0x200003c0   Data           4  controltask.o(.data)
    dbuf                                     0x200003c8   Data           4  usart1.o(.data)
    usart3_tx_fifo                           0x200003d0   Data           4  usart3.o(.data)
    exInt                                    0x200003d4   Data           4  imu.o(.data)
    eyInt                                    0x200003d8   Data           4  imu.o(.data)
    ezInt                                    0x200003dc   Data           4  imu.o(.data)
    q0                                       0x200003e0   Data           4  imu.o(.data)
    q1                                       0x200003e4   Data           4  imu.o(.data)
    q2                                       0x200003e8   Data           4  imu.o(.data)
    q3                                       0x200003ec   Data           4  imu.o(.data)
    lastUpdate                               0x20000414   Data           4  imu.o(.data)
    now                                      0x20000418   Data           4  imu.o(.data)
    yaw_temp                                 0x2000041c   Data           4  imu.o(.data)
    pitch_temp                               0x20000420   Data           4  imu.o(.data)
    roll_temp                                0x20000424   Data           4  imu.o(.data)
    last_yaw_temp                            0x20000428   Data           4  imu.o(.data)
    last_pitch_temp                          0x2000042c   Data           4  imu.o(.data)
    last_roll_temp                           0x20000430   Data           4  imu.o(.data)
    yaw_angle                                0x20000434   Data           4  imu.o(.data)
    pitch_angle                              0x20000438   Data           4  imu.o(.data)
    roll_angle                               0x2000043c   Data           4  imu.o(.data)
    MPU6050_Lastax                           0x20000444   Data           2  mpu6050_driver.o(.data)
    MPU6050_Lastay                           0x20000446   Data           2  mpu6050_driver.o(.data)
    MPU6050_Lastaz                           0x20000448   Data           2  mpu6050_driver.o(.data)
    MPU6050_Lastgx                           0x2000044a   Data           2  mpu6050_driver.o(.data)
    MPU6050_Lastgy                           0x2000044c   Data           2  mpu6050_driver.o(.data)
    MPU6050_Lastgz                           0x2000044e   Data           2  mpu6050_driver.o(.data)
    imu_it_flag                              0x20000450   Data           1  mpu6050_interrupt.o(.data)
    SystemCoreClock                          0x20000464   Data           4  system_stm32f4xx.o(.data)
    AHBPrescTable                            0x20000468   Data          16  system_stm32f4xx.o(.data)
    __stdout                                 0x20000478   Data           4  stdout.o(.data)
    __microlib_freelist                      0x2000047c   Data           4  mvars.o(.data)
    __microlib_freelist_initialised          0x20000480   Data           4  mvars.o(.data)
    CM1Encoder                               0x20000488   Data          92  can2task.o(.bss)
    CM2Encoder                               0x200004e4   Data          92  can2task.o(.bss)
    CM3Encoder                               0x20000540   Data          92  can2task.o(.bss)
    CM4Encoder                               0x2000059c   Data          92  can2task.o(.bss)
    GMYEncoder                               0x200005f8   Data          92  can2task.o(.bss)
    GMPEncoder                               0x20000654   Data          92  can2task.o(.bss)
    keyboard                                 0x200006b0   Data          24  inputtask.o(.bss)
    chassisPosition                          0x200006c8   Data          12  inputtask.o(.bss)
    chassisSpeed                             0x200006d4   Data          12  inputtask.o(.bss)
    chassisCurrent                           0x200006e0   Data          12  inputtask.o(.bss)
    mecanumPosition                          0x200006ec   Data          28  controltask.o(.bss)
    mecanumSpeed                             0x20000708   Data          28  controltask.o(.bss)
    mecanumCurrent                           0x20000724   Data          28  controltask.o(.bss)
    can1RxMsg                                0x20000740   Data          20  can1.o(.bss)
    can2RxMsg                                0x20000754   Data          20  can2.o(.bss)
    usart1_dma_rx_buf                        0x20000768   Data          72  usart1.o(.bss)
    dbus                                     0x200007b0   Data          22  usart1.o(.bss)
    mygetqval                                0x200007c8   Data          36  imu.o(.bss)
    angle                                    0x200007fc   Data          12  imu.o(.bss)
    MPU6050_Raw_Data                         0x20000808   Data          14  mpu6050_driver.o(.bss)
    MPU6050_Real_Data                        0x20000816   Data          28  mpu6050_driver.o(.bss)
    ahrs                                     0x20000832   Data          12  mpu6050_driver.o(.bss)
    mpu_buf                                  0x2000083e   Data          20  mpu6050_driver.o(.bss)
    MPU6050_FIFO                             0x20000852   Data         132  mpu6050_driver.o(.bss)
    __heap_base                              0x200008d8   Data           0  startup_stm32f4xx.o(HEAP)
    __heap_limit                             0x20000ad8   Data           0  startup_stm32f4xx.o(HEAP)
    __initial_sp                             0x200014d8   Data           0  startup_stm32f4xx.o(STACK)



==============================================================================

Memory Map of the image

  Image Entry point : 0x08000189

  Load Region LR_IROM1 (Base: 0x08000000, Size: 0x00008b08, Max: 0x00080000, ABSOLUTE, COMPRESSED[0x000086f4])

    Execution Region ER_IROM1 (Base: 0x08000000, Size: 0x00008680, Max: 0x00080000, ABSOLUTE)

    Base Addr    Size         Type   Attr      Idx    E Section Name        Object

    0x08000000   0x00000188   Data   RO         1132    RESET               startup_stm32f4xx.o
    0x08000188   0x00000000   Code   RO         1201  * .ARM.Collect$$$$00000000  mc_w.l(entry.o)
    0x08000188   0x00000004   Code   RO         1546    .ARM.Collect$$$$00000001  mc_w.l(entry2.o)
    0x0800018c   0x00000004   Code   RO         1549    .ARM.Collect$$$$00000004  mc_w.l(entry5.o)
    0x08000190   0x00000000   Code   RO         1551    .ARM.Collect$$$$00000008  mc_w.l(entry7b.o)
    0x08000190   0x00000000   Code   RO         1553    .ARM.Collect$$$$0000000A  mc_w.l(entry8b.o)
    0x08000190   0x00000008   Code   RO         1554    .ARM.Collect$$$$0000000B  mc_w.l(entry9a.o)
    0x08000198   0x00000000   Code   RO         1556    .ARM.Collect$$$$0000000D  mc_w.l(entry10a.o)
    0x08000198   0x00000000   Code   RO         1558    .ARM.Collect$$$$0000000F  mc_w.l(entry11a.o)
    0x08000198   0x00000004   Code   RO         1547    .ARM.Collect$$$$00002712  mc_w.l(entry2.o)
    0x0800019c   0x000001b4   Code   RO           72    .text               fifo.o
    0x08000350   0x0000012c   Code   RO          108    .text               mafilter_f32.o
    0x0800047c   0x000001bc   Code   RO          153    .text               pid.o
    0x08000638   0x00000086   Code   RO          168    .text               ramp.o
    0x080006be   0x00000002   PAD
    0x080006c0   0x00000140   Code   RO          183    .text               mecanum.o
    0x08000800   0x00000050   Code   RO          222    .text               can1task.o
    0x08000850   0x00000084   Code   RO          395    .text               can2task.o
    0x080008d4   0x000009d0   Code   RO          425    .text               inputtask.o
    0x080012a4   0x00000534   Code   RO          452    .text               controltask.o
    0x080017d8   0x00000040   Code   RO          505    .text               bsp.o
    0x08001818   0x00000158   Code   RO          525    .text               can1.o
    0x08001970   0x00000150   Code   RO          551    .text               can2.o
    0x08001ac0   0x00000148   Code   RO          575    .text               dbus.o
    0x08001c08   0x00000036   Code   RO          589    .text               delay.o
    0x08001c3e   0x00000002   PAD
    0x08001c40   0x00000184   Code   RO          609    .text               encoder.o
    0x08001dc4   0x0000003c   Code   RO          629    .text               led.o
    0x08001e00   0x000000ae   Code   RO          649    .text               motor.o
    0x08001eae   0x00000002   PAD
    0x08001eb0   0x000001c8   Code   RO          669    .text               pwm.o
    0x08002078   0x000000e8   Code   RO          709    .text               timer.o
    0x08002160   0x000001d0   Code   RO          729    .text               usart1.o
    0x08002330   0x00000174   Code   RO          756    .text               usart3.o
    0x080024a4   0x00000ea8   Code   RO          799    .text               imu.o
    0x0800334c   0x000005a0   Code   RO          827    .text               mpu6050_driver.o
    0x080038ec   0x0000039c   Code   RO          858    .text               mpu6050_i2c.o
    0x08003c88   0x00000104   Code   RO          878    .text               mpu6050_interrupt.o
    0x08003d8c   0x000000e0   Code   RO          904    .text               misc.o
    0x08003e6c   0x000009f0   Code   RO          924    .text               stm32f4xx_can.o
    0x0800485c   0x000003a8   Code   RO          944    .text               stm32f4xx_dma.o
    0x08004c04   0x0000011c   Code   RO          964    .text               stm32f4xx_exti.o
    0x08004d20   0x0000025c   Code   RO         1004    .text               stm32f4xx_gpio.o
    0x08004f7c   0x00000588   Code   RO         1024    .text               stm32f4xx_rcc.o
    0x08005504   0x0000008c   Code   RO         1046    .text               stm32f4xx_syscfg.o
    0x08005590   0x00000ca2   Code   RO         1066    .text               stm32f4xx_tim.o
    0x08006232   0x00000002   PAD
    0x08006234   0x0000041a   Code   RO         1086    .text               stm32f4xx_usart.o
    0x0800664e   0x00000002   PAD
    0x08006650   0x00000210   Code   RO         1106    .text               system_stm32f4xx.o
    0x08006860   0x00000024   Code   RO         1133    .text               startup_stm32f4xx.o
    0x08006884   0x0000011c   Code   RO         1139    .text               main.o
    0x080069a0   0x00000024   Code   RO         1206    .text               mc_w.l(memseta.o)
    0x080069c4   0x000000e4   Code   RO         1499    .text               mf_w.l(dmul.o)
    0x08006aa8   0x000000de   Code   RO         1501    .text               mf_w.l(ddiv.o)
    0x08006b86   0x00000022   Code   RO         1505    .text               mf_w.l(dflti.o)
    0x08006ba8   0x00000026   Code   RO         1507    .text               mf_w.l(f2d.o)
    0x08006bce   0x00000002   PAD
    0x08006bd0   0x00000030   Code   RO         1509    .text               mf_w.l(cdrcmple.o)
    0x08006c00   0x00000038   Code   RO         1511    .text               mf_w.l(d2f.o)
    0x08006c38   0x0000002c   Code   RO         1561    .text               mc_w.l(uidiv.o)
    0x08006c64   0x00000062   Code   RO         1563    .text               mc_w.l(uldiv.o)
    0x08006cc6   0x00000000   Code   RO         1574    .text               mc_w.l(iusefp.o)
    0x08006cc6   0x0000006e   Code   RO         1575    .text               mf_w.l(fepilogue.o)
    0x08006d34   0x000000ba   Code   RO         1577    .text               mf_w.l(depilogue.o)
    0x08006dee   0x0000014e   Code   RO         1579    .text               mf_w.l(dadd.o)
    0x08006f3c   0x000000a2   Code   RO         1581    .text               mf_w.l(dsqrt.o)
    0x08006fde   0x00000030   Code   RO         1583    .text               mf_w.l(dfixul.o)
    0x0800700e   0x00000002   PAD
    0x08007010   0x00000024   Code   RO         1587    .text               mc_w.l(init.o)
    0x08007034   0x0000001e   Code   RO         1589    .text               mc_w.l(llshl.o)
    0x08007052   0x00000020   Code   RO         1591    .text               mc_w.l(llushr.o)
    0x08007072   0x00000024   Code   RO         1593    .text               mc_w.l(llsshr.o)
    0x08007096   0x00000056   Code   RO         1603    .text               mc_w.l(__dczerorl2.o)
    0x080070ec   0x00000020   Code   RO         1443    i.__0printf         mc_w.l(printfa.o)
    0x0800710c   0x00000030   Code   RO         1541    i.__ARM_fpclassify  m_wm.l(fpclassify.o)
    0x0800713c   0x00000004   PAD
    0x08007140   0x00000360   Code   RO         1157    i.__hardfp_asin     m_wm.l(asin.o)
    0x080074a0   0x000002d8   Code   RO         1513    i.__hardfp_atan     m_wm.l(atan.o)
    0x08007778   0x000001f0   Code   RO         1171    i.__hardfp_atan2    m_wm.l(atan2.o)
    0x08007968   0x00000014   Code   RO         1183    i.__hardfp_fabs     m_wm.l(fabs.o)
    0x0800797c   0x0000007a   Code   RO         1189    i.__hardfp_sqrt     m_wm.l(sqrt.o)
    0x080079f6   0x000000f8   Code   RO         1543    i.__kernel_poly     m_wm.l(poly.o)
    0x08007aee   0x00000014   Code   RO         1528    i.__mathlib_dbl_infnan  m_wm.l(dunder.o)
    0x08007b02   0x00000014   Code   RO         1529    i.__mathlib_dbl_infnan2  m_wm.l(dunder.o)
    0x08007b16   0x00000002   PAD
    0x08007b18   0x00000020   Code   RO         1530    i.__mathlib_dbl_invalid  m_wm.l(dunder.o)
    0x08007b38   0x00000020   Code   RO         1533    i.__mathlib_dbl_underflow  m_wm.l(dunder.o)
    0x08007b58   0x0000000e   Code   RO         1597    i.__scatterload_copy  mc_w.l(handlers.o)
    0x08007b66   0x00000002   Code   RO         1598    i.__scatterload_null  mc_w.l(handlers.o)
    0x08007b68   0x0000000e   Code   RO         1599    i.__scatterload_zeroinit  mc_w.l(handlers.o)
    0x08007b76   0x00000002   PAD
    0x08007b78   0x0000000c   Code   RO         1569    i.__set_errno       mc_w.l(errno.o)
    0x08007b84   0x00000164   Code   RO         1450    i._fp_digits        mc_w.l(printfa.o)
    0x08007ce8   0x000006dc   Code   RO         1451    i._printf_core      mc_w.l(printfa.o)
    0x080083c4   0x00000024   Code   RO         1452    i._printf_post_padding  mc_w.l(printfa.o)
    0x080083e8   0x0000002e   Code   RO         1453    i._printf_pre_padding  mc_w.l(printfa.o)
    0x08008416   0x00000010   Code   RO         1515    i.atan              m_wm.l(atan.o)
    0x08008426   0x00000018   Code   RO         1185    i.fabs              m_wm.l(fabs.o)
    0x0800843e   0x00000002   PAD
    0x08008440   0x00000050   Code   RO         1471    i.free              mc_w.l(malloc.o)
    0x08008490   0x0000006c   Code   RO         1472    i.malloc            mc_w.l(malloc.o)
    0x080084fc   0x0000006e   Code   RO         1191    i.sqrt              m_wm.l(sqrt.o)
    0x0800856a   0x00000006   PAD
    0x08008570   0x00000050   Data   RO         1160    .constdata          m_wm.l(asin.o)
    0x080085c0   0x00000098   Data   RO         1516    .constdata          m_wm.l(atan.o)
    0x08008658   0x00000008   Data   RO         1545    .constdata          m_wm.l(qnan.o)
    0x08008660   0x00000020   Data   RO         1595    Region$$Table       anon$$obj.o


    Execution Region RW_IRAM1 (Base: 0x20000000, Size: 0x000014d8, Max: 0x00020000, ABSOLUTE, COMPRESSED[0x00000074])

    Base Addr    Size         Type   Attr      Idx    E Section Name        Object

    0x20000000   0x00000004   Data   RW          223    .data               can1task.o
    0x20000004   0x00000030   Data   RW          427    .data               inputtask.o
    0x20000034   0x00000394   Data   RW          454    .data               controltask.o
    0x200003c8   0x00000008   Data   RW          731    .data               usart1.o
    0x200003d0   0x00000004   Data   RW          757    .data               usart3.o
    0x200003d4   0x00000070   Data   RW          801    .data               imu.o
    0x20000444   0x0000000c   Data   RW          829    .data               mpu6050_driver.o
    0x20000450   0x00000001   Data   RW          879    .data               mpu6050_interrupt.o
    0x20000451   0x00000010   Data   RW         1025    .data               stm32f4xx_rcc.o
    0x20000461   0x00000003   PAD
    0x20000464   0x00000014   Data   RW         1107    .data               system_stm32f4xx.o
    0x20000478   0x00000004   Data   RW         1560    .data               mc_w.l(stdout.o)
    0x2000047c   0x00000004   Data   RW         1565    .data               mc_w.l(mvars.o)
    0x20000480   0x00000004   Data   RW         1566    .data               mc_w.l(mvars.o)
    0x20000484   0x00000004   Data   RW         1570    .data               mc_w.l(errno.o)
    0x20000488   0x00000228   Zero   RW          396    .bss                can2task.o
    0x200006b0   0x0000003c   Zero   RW          426    .bss                inputtask.o
    0x200006ec   0x00000054   Zero   RW          453    .bss                controltask.o
    0x20000740   0x00000014   Zero   RW          526    .bss                can1.o
    0x20000754   0x00000014   Zero   RW          552    .bss                can2.o
    0x20000768   0x0000005e   Zero   RW          730    .bss                usart1.o
    0x200007c6   0x00000002   PAD
    0x200007c8   0x00000040   Zero   RW          800    .bss                imu.o
    0x20000808   0x000000ce   Zero   RW          828    .bss                mpu6050_driver.o
    0x200008d6   0x00000002   PAD
    0x200008d8   0x00000200   Zero   RW         1131    HEAP                startup_stm32f4xx.o
    0x20000ad8   0x00000a00   Zero   RW         1130    STACK               startup_stm32f4xx.o


==============================================================================

Image component sizes


      Code (inc. data)   RO Data    RW Data    ZI Data      Debug   Object Name

        64          6          0          0          0        489   bsp.o
       344         16          0          0         20       1193   can1.o
        80         12          0          4          0     280972   can1task.o
       336         14          0          0         20       1189   can2.o
       132         36          0          0        552        907   can2task.o
      1332        150          0        916         84       4797   controltask.o
         0          0          0          0          0       4500   crc8.o
       328          0          0          0          0       1800   dbus.o
        54          0          0          0          0        784   delay.o
       388         16          0          0          0       1585   encoder.o
       436          0          0          0          0       4960   fifo.o
      3752        308          0        112         64       4661   imu.o
      2512        164          0         48         60       7071   inputtask.o
        60          6          0          0          0        485   led.o
       300          4          0          0          0       2433   mafilter_f32.o
       284         56          0          0          0        732   main.o
       320          8          0          0          0       1354   mecanum.o
       224         20          0          0          0       1773   misc.o
       174          0          0          0          0       1372   motor.o
      1440        228          0         12        206       6821   mpu6050_driver.o
       924         92          0          0          0       3800   mpu6050_i2c.o
       260         10          0          1          0       1080   mpu6050_interrupt.o
       444          4          0          0          0       2073   pid.o
       456         22          0          0          0        753   pwm.o
       134          0          0          0          0       3122   ramp.o
        36          8        392          0       3072        812   startup_stm32f4xx.o
      2544         38          0          0          0       8096   stm32f4xx_can.o
       936         32          0          0          0       6349   stm32f4xx_dma.o
       284         10          0          0          0       2275   stm32f4xx_exti.o
       604         36          0          0          0       4081   stm32f4xx_gpio.o
      1416         48          0         16          0      10987   stm32f4xx_rcc.o
       140         12          0          0          0       1663   stm32f4xx_syscfg.o
      3234         60          0          0          0      22968   stm32f4xx_tim.o
      1050         26          0          0          0       7816   stm32f4xx_usart.o
       528         46          0         20          0       1787   system_stm32f4xx.o
       232          6          0          0          0       1069   timer.o
       464         32          0          8         94       1484   usart1.o
       372         12          0          4          0       1948   usart3.o

    ----------------------------------------------------------------------
     26628       1538        424       1144       4176     412041   Object Totals
         0          0         32          0          0          0   (incl. Generated)
        10          0          0          3          4          0   (incl. Padding)

    ----------------------------------------------------------------------

      Code (inc. data)   RO Data    RW Data    ZI Data      Debug   Library Member Name

       864         94         80          0          0        280   asin.o
       744        106        152          0          0        352   atan.o
       496         64          0          0          0        192   atan2.o
       104         16          0          0          0        496   dunder.o
        44          0          0          0          0        248   fabs.o
        48          0          0          0          0        124   fpclassify.o
       248          0          0          0          0        152   poly.o
         0          0          8          0          0          0   qnan.o
       232          0          0          0          0        296   sqrt.o
        86          0          0          0          0          0   __dczerorl2.o
         0          0          0          0          0          0   entry.o
         0          0          0          0          0          0   entry10a.o
         0          0          0          0          0          0   entry11a.o
         8          4          0          0          0          0   entry2.o
         4          0          0          0          0          0   entry5.o
         0          0          0          0          0          0   entry7b.o
         0          0          0          0          0          0   entry8b.o
         8          4          0          0          0          0   entry9a.o
        12          6          0          4          0         68   errno.o
        30          0          0          0          0          0   handlers.o
        36          8          0          0          0         68   init.o
         0          0          0          0          0          0   iusefp.o
        30          0          0          0          0         68   llshl.o
        36          0          0          0          0         68   llsshr.o
        32          0          0          0          0         68   llushr.o
       188         20          0          0          0        160   malloc.o
        36          0          0          0          0        108   memseta.o
         0          0          0          8          0          0   mvars.o
      2226         90          0          0          0        444   printfa.o
         0          0          0          4          0          0   stdout.o
        44          0          0          0          0         80   uidiv.o
        98          0          0          0          0         92   uldiv.o
        48          0          0          0          0         68   cdrcmple.o
        56          0          0          0          0         88   d2f.o
       334          0          0          0          0        148   dadd.o
       222          0          0          0          0        100   ddiv.o
       186          0          0          0          0        176   depilogue.o
        48          0          0          0          0         68   dfixul.o
        34          0          0          0          0         76   dflti.o
       228          0          0          0          0         96   dmul.o
       162          0          0          0          0        100   dsqrt.o
        38          0          0          0          0         68   f2d.o
       110          0          0          0          0        168   fepilogue.o

    ----------------------------------------------------------------------
      7140        412        240         16          0       4520   Library Totals
        20          0          0          0          0          0   (incl. Padding)

    ----------------------------------------------------------------------

      Code (inc. data)   RO Data    RW Data    ZI Data      Debug   Library Name

      2780        280        240          0          0       2140   m_wm.l
      2874        132          0         16          0       1224   mc_w.l
      1466          0          0          0          0       1156   mf_w.l

    ----------------------------------------------------------------------
      7140        412        240         16          0       4520   Library Totals

    ----------------------------------------------------------------------

==============================================================================


      Code (inc. data)   RO Data    RW Data    ZI Data      Debug   

     33768       1950        664       1160       4176     407649   Grand Totals
     33768       1950        664        116       4176     407649   ELF Image Totals (compressed)
     33768       1950        664        116          0          0   ROM Totals

==============================================================================

    Total RO  Size (Code + RO Data)                34432 (  33.63kB)
    Total RW  Size (RW Data + ZI Data)              5336 (   5.21kB)
    Total ROM Size (Code + RO Data + RW Data)      34548 (  33.74kB)

==============================================================================

