<html>
<body>
<pre>
<h1>µVision Build Log</h1>
<h2>Tool Versions:</h2>
IDE-Version: ¦ÌVision V5.17.0.0
Copyright (C) 2015 ARM Ltd and ARM Germany GmbH. All rights reserved.
License Information: °ï½Ü Äª, WHU, LIC=03CSB-2AREM-BE4HH-W2LJ8-TE5BM-4TH93
 
Tool Versions:
Toolchain:       MDK-ARM Standard  Version: 5.17
Toolchain Path:  D:\Keil_v5\ARM\ARMCC\Bin
C Compiler:      Armcc.exe V5.06 update 1 (build 61)
Assembler:       Armasm.exe V5.06 update 1 (build 61)
Linker/Locator:  ArmLink.exe V5.06 update 1 (build 61)
Library Manager: ArmAr.exe V5.06 update 1 (build 61)
Hex Converter:   FromElf.exe V5.06 update 1 (build 61)
CPU DLL:         SARMCM3.DLL V5.17
Dialog DLL:      DCM.DLL V1.13.4.0
Target DLL:      Segger\JL2CM3.dll V2.99.16.0
Dialog DLL:      TCM.DLL V1.14.6.0
 
<h2>Project:</h2>
G:\RM2016\RM2016CampCollegeInfantry\prj\RM2016CAMP_INFANTRY.uvprojx
Project File Date:  08/10/2016

<h2>Output:</h2>
*** Using Compiler 'V5.06 update 1 (build 61)', folder: 'D:\Keil_v5\ARM\ARMCC\Bin'
Build target 'RM2016CAMP_INFANTRY'
compiling Can2Task.c...
compiling Can1Task.c...
compiling InputTask.c...
compiling ControlTask.c...
compiling OdomTask.c...
compiling bsp.c...
compiling can2.c...
compiling can1.c...
compiling delay.c...
compiling encoder.c...
compiling led.c...
compiling motor.c...
compiling pwm.c...
compiling QuadEncoder.c...
compiling timer.c...
compiling usart1.c...
compiling usart3.c...
compiling zgyro.c...
compiling imu.c...
compiling mpu6050_driver.c...
compiling mpu6050_i2c.c...
compiling mpu6050_interrupt.c...
compiling main.c...
linking...
Program Size: Code=33768 RO-data=664 RW-data=1160 ZI-data=4176  
After Build - User command #1: fromelf.exe  --bin -o ../bin/RM2016CAMP_INFANTRY.bin ./Objects/RM2016CAMP_INFANTRY.axf
".\Objects\RM2016CAMP_INFANTRY.axf" - 0 Error(s), 0 Warning(s).

<h2>Collection of Component include folders:</h2>
  G:\RM2016\RM2016CampCollegeInfantry\prj\RTE
  D:\Keil_v5\ARM\PACK\Keil\STM32F4xx_DFP\2.7.0\Drivers\CMSIS\Device\ST\STM32F4xx\Include

<h2>Collection of Component Files used:</h2>
Build Time Elapsed:  00:00:18
</pre>
</body>
</html>
