<html>
<body>
<pre>
<h1>µVision Build Log</h1>
<h2>Tool Versions:</h2>
IDE-Version: ¦ÌVision V5.17.0.0
Copyright (C) 2015 ARM Ltd and ARM Germany GmbH. All rights reserved.
License Information: °ï½Ü Äª, WHU, LIC=03CSB-2AREM-BE4HH-W2LJ8-TE5BM-4TH93
 
Tool Versions:
Toolchain:       MDK-ARM Standard  Version: 5.17
Toolchain Path:  D:\Keil_v5\ARM\ARMCC\Bin
C Compiler:      Armcc.exe V5.06 update 1 (build 61)
Assembler:       Armasm.exe V5.06 update 1 (build 61)
Linker/Locator:  ArmLink.exe V5.06 update 1 (build 61)
Library Manager: ArmAr.exe V5.06 update 1 (build 61)
Hex Converter:   FromElf.exe V5.06 update 1 (build 61)
CPU DLL:         SARMCM3.DLL V5.17
Dialog DLL:      DCM.DLL V1.13.4.0
Target DLL:      Segger\JL2CM3.dll V2.99.16.0
Dialog DLL:      TCM.DLL V1.14.6.0
 
<h2>Project:</h2>
G:\RM2016\RM2016CampCollegeInfantry\prj\RM2016CAMP_INFANTRY.uvprojx
Project File Date:  08/16/2016

<h2>Output:</h2>
*** Using Compiler 'V5.06 update 1 (build 61)', folder: 'D:\Keil_v5\ARM\ARMCC\Bin'
Rebuild target 'RM2016CAMP_INFANTRY'
compiling crc8.c...
compiling crc32.c...
compiling crc16.c...
compiling fifo.c...
compiling mafilter.c...
compiling mafilter_f32.c...
compiling mafilter_i16.c...
compiling mafilter_i32.c...
compiling pid.c...
compiling ramp.c...
compiling mecanum.c...
compiling sprotocol.c...
compiling pwm.c...
compiling Can1Bus.c...
compiling Can2Bus.c...
compiling Controller.c...
compiling InputScaner.c...
compiling Servo.c...
compiling Odometry.c...
compiling Wireless.c...
compiling bsp.c...
compiling can1.c...
compiling dbus.c...
compiling can2.c...
compiling delay.c...
compiling encoder.c...
compiling led.c...
compiling motor.c...
compiling QuadEncoder.c...
compiling spi1.c...
compiling timer.c...
compiling usart1.c...
compiling zgyro.c...
compiling usart2.c...
compiling usart3.c...
compiling mpu6050_driver.c...
compiling mpu6050_i2c.c...
compiling imu.c...
compiling misc.c...
compiling stm32f4xx_can.c...
compiling mpu6050_interrupt.c...
compiling stm32f4xx_dma.c...
compiling stm32f4xx_exti.c...
compiling stm32f4xx_flash.c...
compiling stm32f4xx_gpio.c...
compiling stm32f4xx_i2c.c...
compiling stm32f4xx_rcc.c...
compiling stm32f4xx_syscfg.c...
compiling stm32f4xx_spi.c...
compiling stm32f4xx_tim.c...
assembling startup_stm32f4xx.s...
compiling system_stm32f4xx.c...
compiling stm32f4xx_usart.c...
compiling NRF24L01.c...
compiling main.c...
linking...
Program Size: Code=36002 RO-data=678 RW-data=1164 ZI-data=4188  
After Build - User command #1: fromelf.exe  --bin -o ../bin/RM2016CAMP_INFANTRY.bin ./Objects/RM2016CAMP_INFANTRY.axf
".\Objects\RM2016CAMP_INFANTRY.axf" - 0 Error(s), 0 Warning(s).

<h2>Collection of Component include folders:</h2>
  G:\RM2016\RM2016CampCollegeInfantry\prj\RTE
  D:\Keil_v5\ARM\PACK\Keil\STM32F4xx_DFP\2.7.0\Drivers\CMSIS\Device\ST\STM32F4xx\Include

<h2>Collection of Component Files used:</h2>
Build Time Elapsed:  00:00:26
</pre>
</body>
</html>
